Archive member included to satisfy reference by file (symbol)

C:\Users\Akshat\Documents\icl-art\art-apex\apex\bin/..\..\..\..\..\AppData\Local\Temp\arduino-core-cache\core_4a5caed9817e9cf6b7d578a2aa4110db.a(SerialUSB.cpp.o)
                              C:\Users\Akshat\Documents\icl-art\art-apex\apex\bin\sketch\apex.ino.cpp.o (_ZN9SerialUSB5beginEm)
C:\Users\Akshat\Documents\icl-art\art-apex\apex\bin/..\..\..\..\..\AppData\Local\Temp\arduino-core-cache\core_4a5caed9817e9cf6b7d578a2aa4110db.a(Print.cpp.o)
                              C:\Users\Akshat\Documents\icl-art\art-apex\apex\bin\sketch\apex.ino.cpp.o (_ZN7arduino5Print7printlnEPKc)
C:\Users\Akshat\Documents\icl-art\art-apex\apex\bin/..\..\..\..\..\AppData\Local\Temp\arduino-core-cache\core_4a5caed9817e9cf6b7d578a2aa4110db.a(delay.cpp.o)
                              C:\Users\Akshat\Documents\icl-art\art-apex\apex\bin\sketch\apex.ino.cpp.o (delay)
C:\Users\Akshat\Documents\icl-art\art-apex\apex\bin/..\..\..\..\..\AppData\Local\Temp\arduino-core-cache\core_4a5caed9817e9cf6b7d578a2aa4110db.a(main.cpp.o)
                              c:/users/akshat/appdata/local/arduino15/packages/rp2040/tools/pqt-gcc/1.4.0-c-0196c06/bin/../lib/gcc/arm-none-eabi/10.3.0/../../../../arm-none-eabi/lib/thumb/crt0.o (main)
C:\Users\Akshat\Documents\icl-art\art-apex\apex\bin/..\..\..\..\..\AppData\Local\Temp\arduino-core-cache\core_4a5caed9817e9cf6b7d578a2aa4110db.a(wiring_private.cpp.o)
                              C:\Users\Akshat\Documents\icl-art\art-apex\apex\bin/..\..\..\..\..\AppData\Local\Temp\arduino-core-cache\core_4a5caed9817e9cf6b7d578a2aa4110db.a(main.cpp.o) (interrupts)
C:\Users\Akshat\Documents\icl-art\art-apex\apex\bin/..\..\..\..\..\AppData\Local\Temp\arduino-core-cache\core_4a5caed9817e9cf6b7d578a2aa4110db.a(RP2040USB.cpp.o)
                              C:\Users\Akshat\Documents\icl-art\art-apex\apex\bin/..\..\..\..\..\AppData\Local\Temp\arduino-core-cache\core_4a5caed9817e9cf6b7d578a2aa4110db.a(main.cpp.o) (_Z10__USBStartv)
C:\Users\Akshat\AppData\Local\Arduino15\packages\rp2040\hardware\rp2040\2.3.1/lib/libpico.a(sync.c.obj)
                              C:\Users\Akshat\Documents\icl-art\art-apex\apex\bin/..\..\..\..\..\AppData\Local\Temp\arduino-core-cache\core_4a5caed9817e9cf6b7d578a2aa4110db.a(main.cpp.o) (next_striped_spin_lock_num)
C:\Users\Akshat\AppData\Local\Arduino15\packages\rp2040\hardware\rp2040\2.3.1/lib/libpico.a(gpio.c.obj)
                              C:\Users\Akshat\Documents\icl-art\art-apex\apex\bin/..\..\..\..\..\AppData\Local\Temp\arduino-core-cache\core_4a5caed9817e9cf6b7d578a2aa4110db.a(wiring_private.cpp.o) (gpio_set_irq_enabled)
C:\Users\Akshat\AppData\Local\Arduino15\packages\rp2040\hardware\rp2040\2.3.1/lib/libpico.a(irq.c.obj)
                              C:\Users\Akshat\Documents\icl-art\art-apex\apex\bin/..\..\..\..\..\AppData\Local\Temp\arduino-core-cache\core_4a5caed9817e9cf6b7d578a2aa4110db.a(main.cpp.o) (irq_set_enabled)
C:\Users\Akshat\AppData\Local\Arduino15\packages\rp2040\hardware\rp2040\2.3.1/lib/libpico.a(irq_handler_chain.S.obj)
                              C:\Users\Akshat\AppData\Local\Arduino15\packages\rp2040\hardware\rp2040\2.3.1/lib/libpico.a(irq.c.obj) (irq_handler_chain_slots)
C:\Users\Akshat\AppData\Local\Arduino15\packages\rp2040\hardware\rp2040\2.3.1/lib/libpico.a(time.c.obj)
                              C:\Users\Akshat\Documents\icl-art\art-apex\apex\bin/..\..\..\..\..\AppData\Local\Temp\arduino-core-cache\core_4a5caed9817e9cf6b7d578a2aa4110db.a(RP2040USB.cpp.o) (alarm_pool_get_default)
C:\Users\Akshat\AppData\Local\Arduino15\packages\rp2040\hardware\rp2040\2.3.1/lib/libpico.a(timer.c.obj)
                              C:\Users\Akshat\AppData\Local\Arduino15\packages\rp2040\hardware\rp2040\2.3.1/lib/libpico.a(time.c.obj) (hardware_alarm_claim)
C:\Users\Akshat\AppData\Local\Arduino15\packages\rp2040\hardware\rp2040\2.3.1/lib/libpico.a(pheap.c.obj)
                              C:\Users\Akshat\AppData\Local\Arduino15\packages\rp2040\hardware\rp2040\2.3.1/lib/libpico.a(time.c.obj) (ph_post_alloc_init)
C:\Users\Akshat\AppData\Local\Arduino15\packages\rp2040\hardware\rp2040\2.3.1/lib/libpico.a(queue.c.obj)
                              C:\Users\Akshat\Documents\icl-art\art-apex\apex\bin/..\..\..\..\..\AppData\Local\Temp\arduino-core-cache\core_4a5caed9817e9cf6b7d578a2aa4110db.a(main.cpp.o) (queue_init_with_spinlock)
C:\Users\Akshat\AppData\Local\Arduino15\packages\rp2040\hardware\rp2040\2.3.1/lib/libpico.a(mutex.c.obj)
                              C:\Users\Akshat\Documents\icl-art\art-apex\apex\bin/..\..\..\..\..\AppData\Local\Temp\arduino-core-cache\core_4a5caed9817e9cf6b7d578a2aa4110db.a(main.cpp.o) (mutex_init)
C:\Users\Akshat\AppData\Local\Arduino15\packages\rp2040\hardware\rp2040\2.3.1/lib/libpico.a(exception.c.obj)
[...]
Memory Configuration

Name             Origin             Length             Attributes
FLASH            0x0000000010000000 0x00000000007ff000 xr
RAM              0x0000000020000000 0x0000000000040000 xrw
SCRATCH_X        0x0000000020040000 0x0000000000001000 xrw
SCRATCH_Y        0x0000000020041000 0x0000000000001000 xrw
*default*        0x0000000000000000 0xffffffffffffffff

Linker script and memory map

LOAD c:/users/akshat/appdata/local/arduino15/packages/rp2040/tools/pqt-gcc/1.4.0-c-0196c06/bin/../lib/gcc/arm-none-eabi/10.3.0/thumb/crti.o
LOAD c:/users/akshat/appdata/local/arduino15/packages/rp2040/tools/pqt-gcc/1.4.0-c-0196c06/bin/../lib/gcc/arm-none-eabi/10.3.0/thumb/crtbegin.o
LOAD c:/users/akshat/appdata/local/arduino15/packages/rp2040/tools/pqt-gcc/1.4.0-c-0196c06/bin/../lib/gcc/arm-none-eabi/10.3.0/../../../../arm-none-eabi/lib/thumb/crt0.o
                [!provide]                        PROVIDE (_EEPROM_start = 0x107ff000)
                [!provide]                        PROVIDE (_FS_start = 0x107ff000)
                [!provide]                        PROVIDE (_FS_end = 0x107ff000)

.flash_begin    0x0000000010000000        0x0
                0x0000000010000000                __flash_binary_start = .

.boot2          0x0000000010000000      0x100
                0x0000000010000000                __boot2_start__ = .
 *(.boot2)
 .boot2         0x0000000010000000      0x100 C:\Users\Akshat\Documents\icl-art\art-apex\apex\bin/boot2.o
                0x0000000010000100                __boot2_end__ = .
                0x0000000000000001                ASSERT (((__boot2_end__ - __boot2_start__) == 0x100), ERROR: Pico second stage bootloader must be 256 bytes in size)

.text           0x0000000010000100     0xb3a8
                0x0000000010000100                __logical_binary_start = .
 *(.vectors)
 .vectors       0x0000000010000100       0xd4 C:\Users\Akshat\AppData\Local\Arduino15\packages\rp2040\hardware\rp2040\2.3.1/lib/libpico.a(crt0.S.obj)
                0x0000000010000100                __VECTOR_TABLE
                0x0000000010000100                __vectors
                0x00000000100001c0                isr_invalid
                0x00000000100001c0                __default_isrs_start
                0x00000000100001c2                isr_nmi
                0x00000000100001c4                isr_hardfault
                0x00000000100001c6                isr_svcall
                0x00000000100001c8                isr_pendsv
                0x00000000100001ca                isr_systick
                0x00000000100001cc                isr_irq23
                0x00000000100001cc                isr_irq18
                0x00000000100001cc                isr_irq11
                0x00000000100001cc                isr_irq28
                0x00000000100001cc                isr_irq19
                0x00000000100001cc                isr_irq0
                0x00000000100001cc                isr_irq6
                0x00000000100001cc                isr_irq5
                0x00000000100001cc                isr_irq12
                0x00000000100001cc                isr_irq22
                0x00000000100001cc                isr_irq31
                0x00000000100001cc                isr_irq17
                0x00000000100001cc                isr_irq27
                0x00000000100001cc                isr_irq30
                0x00000000100001cc                isr_irq2
                0x00000000100001cc                isr_irq10
                0x00000000100001cc                isr_irq8
                0x00000000100001cc                isr_irq24
                0x00000000100001cc                isr_irq1
                0x00000000100001cc                isr_irq7
                0x00000000100001cc                isr_irq21
                0x00000000100001cc                isr_irq20
                0x00000000100001cc                isr_irq15
                0x00000000100001cc                isr_irq25
                0x00000000100001cc                isr_irq13
                0x00000000100001cc                __unhandled_user_irq
                0x00000000100001cc                isr_irq4
                0x00000000100001cc                isr_irq16
                0x00000000100001cc                isr_irq29
                0x00000000100001cc                isr_irq26
                0x00000000100001cc                __default_isrs_end
                0x00000000100001cc                isr_irq3
                0x00000000100001cc                isr_irq14
                0x00000000100001cc                isr_irq9
                0x00000000100001d2                unhandled_user_irq_num_in_r0
 *(.binary_info_header)
 .binary_info_header
                0x00000000100001d4       0x14 C:\Users\Akshat\AppData\Local\Arduino15\packages\rp2040\hardware\rp2040\2.3.1/lib/libpico.a(crt0.S.obj)
                0x00000000100001e8                __binary_info_header_end = .
 *(.reset)
 .reset         0x00000000100001e8       0xa8 C:\Users\Akshat\AppData\Local\Arduino15\packages\rp2040\hardware\rp2040\2.3.1/lib/libpico.a(crt0.S.obj)
                0x00000000100001e8                _entry_point
                0x0000000010000266                __get_current_exception
 *(.init)
 .init          0x0000000010000290        0x4 c:/users/akshat/appdata/local/arduino15/packages/rp2040/tools/pqt-gcc/1.4.0-c-0196c06/bin/../lib/gcc/arm-none-eabi/10.3.0/thumb/crti.o
                0x0000000010000290                _init
 *(EXCLUDE_FILE(*libm.a: *libc.a:*lib_a-mem*.o *libgcc.a:) .text*)
 .text          0x0000000010000294       0x98 c:/users/akshat/appdata/local/arduino15/packages/rp2040/tools/pqt-gcc/1.4.0-c-0196c06/bin/../lib/gcc/arm-none-eabi/10.3.0/thumb/crtbegin.o
 .text.loop     0x000000001000032c       0x1c C:\Users\Akshat\Documents\icl-art\art-apex\apex\bin\sketch\apex.ino.cpp.o
                0x000000001000032c                loop
 .text.setup    0x0000000010000348       0x14 C:\Users\Akshat\Documents\icl-art\art-apex\apex\bin\sketch\apex.ino.cpp.o
                0x0000000010000348                setup
 .text._ZN9SerialUSB5beginEmt
                0x000000001000035c        0xa C:\Users\Akshat\Documents\icl-art\art-apex\apex\bin/..\..\..\..\..\AppData\Local\Temp\arduino-core-cache\core_4a5caed9817e9cf6b7d578a2aa4110db.a(SerialUSB.cpp.o)
                0x000000001000035c                _ZN9SerialUSB5beginEmt
 .text._ZN9SerialUSB5beginEm
                0x0000000010000366        0xc C:\Users\Akshat\Documents\icl-art\art-apex\apex\bin/..\..\..\..\..\AppData\Local\Temp\arduino-core-cache\core_4a5caed9817e9cf6b7d578a2aa4110db.a(SerialUSB.cpp.o)
                0x0000000010000366                _ZN9SerialUSB5beginEm
 .text._ZN9SerialUSB3endEv
                0x0000000010000372        0x2 C:\Users\Akshat\Documents\icl-art\art-apex\apex\bin/..\..\..\..\..\AppData\Local\Temp\arduino-core-cache\core_4a5caed9817e9cf6b7d578a2aa4110db.a(SerialUSB.cpp.o)
                0x0000000010000372                _ZN9SerialUSB3endEv
 .text._ZN9SerialUSB5writeEh
                0x0000000010000374       0x14 C:\Users\Akshat\Documents\icl-art\art-apex\apex\bin/..\..\..\..\..\AppData\Local\Temp\arduino-core-cache\core_4a5caed9817e9cf6b7d578a2aa4110db.a(SerialUSB.cpp.o)
                0x0000000010000374                _ZN9SerialUSB5writeEh
 .text._ZL16CheckSerialResetv
                0x0000000010000388       0x34 C:\Users\Akshat\Documents\icl-art\art-apex\apex\bin/..\..\..\..\..\AppData\Local\Temp\arduino-core-cache\core_4a5caed9817e9cf6b7d578a2aa4110db.a(SerialUSB.cpp.o)
 .text._ZN9CoreMutexC2EP5mutex
                0x00000000100003bc       0x30 C:\Users\Akshat\Documents\icl-art\art-apex\apex\bin/..\..\..\..\..\AppData\Local\Temp\arduino-core-cache\core_4a5caed9817e9cf6b7d578a2aa4110db.a(SerialUSB.cpp.o)
                0x00000000100003bc                _ZN9CoreMutexC1EP5mutex
                0x00000000100003bc                _ZN9CoreMutexC2EP5mutex
 .text._ZN9CoreMutexD2Ev
                0x00000000100003ec       0x14 C:\Users\Akshat\Documents\icl-art\art-apex\apex\bin/..\..\..\..\..\AppData\Local\Temp\arduino-core-cache\core_4a5caed9817e9cf6b7d578a2aa4110db.a(SerialUSB.cpp.o)
                0x00000000100003ec                _ZN9CoreMutexD1Ev
                0x00000000100003ec                _ZN9CoreMutexD2Ev
 .text._ZN9SerialUSB4peekEv
                0x0000000010000400       0x44 C:\Users\Akshat\Documents\icl-art\art-apex\apex\bin/..\..\..\..\..\AppData\Local\Temp\arduino-core-cache\core_4a5caed9817e9cf6b7d578a2aa4110db.a(SerialUSB.cpp.o)
                0x0000000010000400                _ZN9SerialUSB4peekEv
 .text._ZN9SerialUSB4readEv
                0x0000000010000444       0x5c C:\Users\Akshat\Documents\icl-art\art-apex\apex\bin/..\..\..\..\..\AppData\Local\Temp\arduino-core-cache\core_4a5caed9817e9cf6b7d578a2aa4110db.a(SerialUSB.cpp.o)
                0x0000000010000444                _ZN9SerialUSB4readEv
 .text._ZN9SerialUSB9availableEv
                0x00000000100004a0       0x34 C:\Users\Akshat\Documents\icl-art\art-apex\apex\bin/..\..\..\..\..\AppData\Local\Temp\arduino-core-cache\core_4a5caed9817e9cf6b7d578a2aa4110db.a(SerialUSB.cpp.o)
                0x00000000100004a0                _ZN9SerialUSB9availableEv
 .text._ZN9SerialUSB17availableForWriteEv
                0x00000000100004d4       0x34 C:\Users\Akshat\Documents\icl-art\art-apex\apex\bin/..\..\..\..\..\AppData\Local\Temp\arduino-core-cache\core_4a5caed9817e9cf6b7d578a2aa4110db.a(SerialUSB.cpp.o)
                0x00000000100004d4                _ZN9SerialUSB17availableForWriteEv
 .text._ZN9SerialUSB5flushEv
                0x0000000010000508       0x30 C:\Users\Akshat\Documents\icl-art\art-apex\apex\bin/..\..\..\..\..\AppData\Local\Temp\arduino-core-cache\core_4a5caed9817e9cf6b7d578a2aa4110db.a(SerialUSB.cpp.o)
                0x0000000010000508                _ZN9SerialUSB5flushEv
 .text._ZN9SerialUSB5writeEPKhj
                0x0000000010000538       0xd8 C:\Users\Akshat\Documents\icl-art\art-apex\apex\bin/..\..\..\..\..\AppData\Local\Temp\arduino-core-cache\core_4a5caed9817e9cf6b7d578a2aa4110db.a(SerialUSB.cpp.o)
                0x0000000010000538                _ZN9SerialUSB5writeEPKhj
 .text._ZN9SerialUSBcvbEv
                0x0000000010000610       0x34 C:\Users\Akshat\Documents\icl-art\art-apex\apex\bin/..\..\..\..\..\AppData\Local\Temp\arduino-core-cache\core_4a5caed9817e9cf6b7d578a2aa4110db.a(SerialUSB.cpp.o)
                0x0000000010000610                _ZN9SerialUSBcvbEv
 .text._Z18__USBInstallSerialv
                0x0000000010000644        0x2 C:\Users\Akshat\Documents\icl-art\art-apex\apex\bin/..\..\..\..\..\AppData\Local\Temp\arduino-core-cache\core_4a5caed9817e9cf6b7d578a2aa4110db.a(SerialUSB.cpp.o)
                0x0000000010000644                _Z18__USBInstallSerialv
 *fill*         0x0000000010000646        0x2 
 .text.tud_cdc_line_state_cb
                0x0000000010000648       0x10 C:\Users\Akshat\Documents\icl-art\art-apex\apex\bin/..\..\..\..\..\AppData\Local\Temp\arduino-core-cache\core_4a5caed9817e9cf6b7d578a2aa4110db.a(SerialUSB.cpp.o)
                0x0000000010000648                tud_cdc_line_state_cb
 .text.tud_cdc_line_coding_cb
                0x0000000010000658       0x24 C:\Users\Akshat\Documents\icl-art\art-apex\apex\bin/..\..\..\..\..\AppData\Local\Temp\arduino-core-cache\core_4a5caed9817e9cf6b7d578a2aa4110db.a(SerialUSB.cpp.o)
                0x0000000010000658                tud_cdc_line_coding_cb
 .text._ZN7arduino14serialEventRunEv
                0x000000001000067c       0x20 C:\Users\Akshat\Documents\icl-art\art-apex\apex\bin/..\..\..\..\..\AppData\Local\Temp\arduino-core-cache\core_4a5caed9817e9cf6b7d578a2aa4110db.a(SerialUSB.cpp.o)
                0x000000001000067c                _ZN7arduino14serialEventRunEv
 .text.startup._GLOBAL__sub_I__Z18__USBInstallSerialv
                0x000000001000069c       0x20 C:\Users\Akshat\Documents\icl-art\art-apex\apex\bin/..\..\..\..\..\AppData\Local\Temp\arduino-core-cache\core_4a5caed9817e9cf6b7d578a2aa4110db.a(SerialUSB.cpp.o)
 .text._ZN7arduino5Print5writeEPKc
                0x00000000100006bc       0x1c C:\Users\Akshat\Documents\icl-art\art-apex\apex\bin/..\..\..\..\..\AppData\Local\Temp\arduino-core-cache\core_4a5caed9817e9cf6b7d578a2aa4110db.a(Print.cpp.o)
                0x00000000100006bc                _ZN7arduino5Print5writeEPKc
 .text._ZN7arduino5Print7printlnEv
                0x00000000100006d8       0x10 C:\Users\Akshat\Documents\icl-art\art-apex\apex\bin/..\..\..\..\..\AppData\Local\Temp\arduino-core-cache\core_4a5caed9817e9cf6b7d578a2aa4110db.a(Print.cpp.o)
                0x00000000100006d8                _ZN7arduino5Print7printlnEv
 .text._ZN7arduino5Print7printlnEPKNS_19__FlashStringHelperE
                0x00000000100006e8       0x14 C:\Users\Akshat\Documents\icl-art\art-apex\apex\bin/..\..\..\..\..\AppData\Local\Temp\arduino-core-cache\core_4a5caed9817e9cf6b7d578a2aa4110db.a(Print.cpp.o)
                0x00000000100006e8                _ZN7arduino5Print7printlnEPKNS_19__FlashStringHelperE
 .text._ZN7arduino5Print7printlnEPKc
                0x00000000100006fc        0x8 C:\Users\Akshat\Documents\icl-art\art-apex\apex\bin/..\..\..\..\..\AppData\Local\Temp\arduino-core-cache\core_4a5caed9817e9cf6b7d578a2aa4110db.a(Print.cpp.o)
                0x00000000100006fc                _ZN7arduino5Print7printlnEPKc
 .text.delay    0x0000000010000704        0xc C:\Users\Akshat\Documents\icl-art\art-apex\apex\bin/..\..\..\..\..\AppData\Local\Temp\arduino-core-cache\core_4a5caed9817e9cf6b7d578a2aa4110db.a(delay.cpp.o)
                0x0000000010000704                delay
 .text._ZN6RP204015_SystickHandlerEv
                0x0000000010000710       0x1c C:\Users\Akshat\Documents\icl-art\art-apex\apex\bin/..\..\..\..\..\AppData\Local\Temp\arduino-core-cache\core_4a5caed9817e9cf6b7d578a2aa4110db.a(main.cpp.o)
                0x0000000010000710                _ZN6RP204015_SystickHandlerEv
 .text._ZN6_MFIFO12registerCoreEv.part.0
                0x000000001000072c       0x24 C:\Users\Akshat\Documents\icl-art\art-apex\apex\bin/..\..\..\..\..\AppData\Local\Temp\arduino-core-cache\core_4a5caed9817e9cf6b7d578a2aa4110db.a(main.cpp.o)
 .text.main1    0x0000000010000750       0x30 C:\Users\Akshat\Documents\icl-art\art-apex\apex\bin/..\..\..\..\..\AppData\Local\Temp\arduino-core-cache\core_4a5caed9817e9cf6b7d578a2aa4110db.a(main.cpp.o)
                0x0000000010000750                main1
 .text._ZN6_MFIFO5beginEi.part.0.constprop.0
                0x0000000010000780       0x3c C:\Users\Akshat\Documents\icl-art\art-apex\apex\bin/..\..\..\..\..\AppData\Local\Temp\arduino-core-cache\core_4a5caed9817e9cf6b7d578a2aa4110db.a(main.cpp.o)
 .text._ZN6RP20405beginEv
                0x00000000100007bc      0x154 C:\Users\Akshat\Documents\icl-art\art-apex\apex\bin/..\..\..\..\..\AppData\Local\Temp\arduino-core-cache\core_4a5caed9817e9cf6b7d578a2aa4110db.a(main.cpp.o)
                0x00000000100007bc                _ZN6RP20405beginEv
 .text.initVariant
                0x0000000010000910        0x2 C:\Users\Akshat\Documents\icl-art\art-apex\apex\bin/..\..\..\..\..\AppData\Local\Temp\arduino-core-cache\core_4a5caed9817e9cf6b7d578a2aa4110db.a(main.cpp.o)
                0x0000000010000910                initVariant
 *fill*         0x0000000010000912        0x2 
 .text._Z6__loopv
                0x0000000010000914       0x30 C:\Users\Akshat\Documents\icl-art\art-apex\apex\bin/..\..\..\..\..\AppData\Local\Temp\arduino-core-cache\core_4a5caed9817e9cf6b7d578a2aa4110db.a(main.cpp.o)
                0x0000000010000914                _Z6__loopv
 .text.__wrap___getreent
                0x0000000010000944       0x1c C:\Users\Akshat\Documents\icl-art\art-apex\apex\bin/..\..\..\..\..\AppData\Local\Temp\arduino-core-cache\core_4a5caed9817e9cf6b7d578a2aa4110db.a(main.cpp.o)
                0x0000000010000944                __wrap___getreent
 .text.startup._GLOBAL__sub_I_rp2040
                0x0000000010000960       0x14 C:\Users\Akshat\Documents\icl-art\art-apex\apex\bin/..\..\..\..\..\AppData\Local\Temp\arduino-core-cache\core_4a5caed9817e9cf6b7d578a2aa4110db.a(main.cpp.o)
 .text.startup.main
                0x0000000010000974      0x128 C:\Users\Akshat\Documents\icl-art\art-apex\apex\bin/..\..\..\..\..\AppData\Local\Temp\arduino-core-cache\core_4a5caed9817e9cf6b7d578a2aa4110db.a(main.cpp.o)
                0x0000000010000974                main
 .text._ZNSt5dequeImSaImEE4backEv
                0x0000000010000a9c       0x18 C:\Users\Akshat\Documents\icl-art\art-apex\apex\bin/..\..\..\..\..\AppData\Local\Temp\arduino-core-cache\core_4a5caed9817e9cf6b7d578a2aa4110db.a(wiring_private.cpp.o)
                0x0000000010000a9c                _ZNSt5dequeImSaImEE4backEv
 .text.interrupts
                0x0000000010000ab4       0x58 C:\Users\Akshat\Documents\icl-art\art-apex\apex\bin/..\..\..\..\..\AppData\Local\Temp\arduino-core-cache\core_4a5caed9817e9cf6b7d578a2aa4110db.a(wiring_private.cpp.o)
                0x0000000010000ab4                interrupts
 .text.noInterrupts
                0x0000000010000b0c      0x164 C:\Users\Akshat\Documents\icl-art\art-apex\apex\bin/..\..\..\..\..\AppData\Local\Temp\arduino-core-cache\core_4a5caed9817e9cf6b7d578a2aa4110db.a(wiring_private.cpp.o)
                0x0000000010000b0c                noInterrupts
 .text.startup._GLOBAL__sub_I_interrupts
                0x0000000010000c70       0x74 C:\Users\Akshat\Documents\icl-art\art-apex\apex\bin/..\..\..\..\..\AppData\Local\Temp\arduino-core-cache\core_4a5caed9817e9cf6b7d578a2aa4110db.a(wiring_private.cpp.o)
 .text._ZL10timer_tasklPv
                0x0000000010000ce4       0x18 C:\Users\Akshat\Documents\icl-art\art-apex\apex\bin/..\..\..\..\..\AppData\Local\Temp\arduino-core-cache\core_4a5caed9817e9cf6b7d578a2aa4110db.a(RP2040USB.cpp.o)
 .text._ZL7usb_irqv
                0x0000000010000cfc       0x20 C:\Users\Akshat\Documents\icl-art\art-apex\apex\bin/..\..\..\..\..\AppData\Local\Temp\arduino-core-cache\core_4a5caed9817e9cf6b7d578a2aa4110db.a(RP2040USB.cpp.o)
 .text._ZL20update_us_since_bootP15absolute_time_ty.part.0
                0x0000000010000d1c       0x1c C:\Users\Akshat\Documents\icl-art\art-apex\apex\bin/..\..\..\..\..\AppData\Local\Temp\arduino-core-cache\core_4a5caed9817e9cf6b7d578a2aa4110db.a(RP2040USB.cpp.o)
 .text.tud_descriptor_device_cb
                0x0000000010000d38       0x84 C:\Users\Akshat\Documents\icl-art\art-apex\apex\bin/..\..\..\..\..\AppData\Local\Temp\arduino-core-cache\core_4a5caed9817e9cf6b7d578a2aa4110db.a(RP2040USB.cpp.o)
                0x0000000010000d38                tud_descriptor_device_cb
 .text._Z20__SetupDescHIDReportv
                0x0000000010000dbc       0x80 C:\Users\Akshat\Documents\icl-art\art-apex\apex\bin/..\..\..\..\..\AppData\Local\Temp\arduino-core-cache\core_4a5caed9817e9cf6b7d578a2aa4110db.a(RP2040USB.cpp.o)
                0x0000000010000dbc                _Z20__SetupDescHIDReportv
 .text.tud_hid_descriptor_report_cb
                0x0000000010000e3c        0xc C:\Users\Akshat\Documents\icl-art\art-apex\apex\bin/..\..\..\..\..\AppData\Local\Temp\arduino-core-cache\core_4a5caed9817e9cf6b7d578a2aa4110db.a(RP2040USB.cpp.o)
                0x0000000010000e3c                tud_hid_descriptor_report_cb
 .text.tud_descriptor_configuration_cb
                0x0000000010000e48        0xc C:\Users\Akshat\Documents\icl-art\art-apex\apex\bin/..\..\..\..\..\AppData\Local\Temp\arduino-core-cache\core_4a5caed9817e9cf6b7d578a2aa4110db.a(RP2040USB.cpp.o)
                0x0000000010000e48                tud_descriptor_configuration_cb
 .text._Z20__SetupUSBDescriptorv
                0x0000000010000e54      0x318 C:\Users\Akshat\Documents\icl-art\art-apex\apex\bin/..\..\..\..\..\AppData\Local\Temp\arduino-core-cache\core_4a5caed9817e9cf6b7d578a2aa4110db.a(RP2040USB.cpp.o)
                0x0000000010000e54                _Z20__SetupUSBDescriptorv
 .text.tud_descriptor_string_cb
                0x000000001000116c       0x68 C:\Users\Akshat\Documents\icl-art\art-apex\apex\bin/..\..\..\..\..\AppData\Local\Temp\arduino-core-cache\core_4a5caed9817e9cf6b7d578a2aa4110db.a(RP2040USB.cpp.o)
                0x000000001000116c                tud_descriptor_string_cb
 .text._Z10__USBStartv
                0x00000000100011d4       0x7c C:\Users\Akshat\Documents\icl-art\art-apex\apex\bin/..\..\..\..\..\AppData\Local\Temp\arduino-core-cache\core_4a5caed9817e9cf6b7d578a2aa4110db.a(RP2040USB.cpp.o)
                0x00000000100011d4                _Z10__USBStartv
 .text.tud_hid_get_report_cb
                0x0000000010001250        0x4 C:\Users\Akshat\Documents\icl-art\art-apex\apex\bin/..\..\..\..\..\AppData\Local\Temp\arduino-core-cache\core_4a5caed9817e9cf6b7d578a2aa4110db.a(RP2040USB.cpp.o)
                0x0000000010001250                tud_hid_get_report_cb
 .text.tud_hid_set_report_cb
                0x0000000010001254        0x2 C:\Users\Akshat\Documents\icl-art\art-apex\apex\bin/..\..\..\..\..\AppData\Local\Temp\arduino-core-cache\core_4a5caed9817e9cf6b7d578a2aa4110db.a(RP2040USB.cpp.o)
                0x0000000010001254                tud_hid_set_report_cb
 *fill*         0x0000000010001256        0x2 
 .text.spin_locks_reset
                0x0000000010001258       0x1c C:\Users\Akshat\AppData\Local\Arduino15\packages\rp2040\hardware\rp2040\2.3.1/lib/libpico.a(sync.c.obj)
                0x0000000010001258                spin_locks_reset
 .text.next_striped_spin_lock_num
                0x0000000010001274       0x18 C:\Users\Akshat\AppData\Local\Arduino15\packages\rp2040\hardware\rp2040\2.3.1/lib/libpico.a(sync.c.obj)
                0x0000000010001274                next_striped_spin_lock_num
 .text.spin_lock_claim_unused
                0x000000001000128c       0x1c C:\Users\Akshat\AppData\Local\Arduino15\packages\rp2040\hardware\rp2040\2.3.1/lib/libpico.a(sync.c.obj)
                0x000000001000128c                spin_lock_claim_unused
 .text.set_raw_irq_handler_and_unlock
                0x00000000100012a8       0x28 C:\Users\Akshat\AppData\Local\Arduino15\packages\rp2040\hardware\rp2040\2.3.1/lib/libpico.a(irq.c.obj)
 .text.irq_is_enabled
                0x00000000100012d0       0x18 C:\Users\Akshat\AppData\Local\Arduino15\packages\rp2040\hardware\rp2040\2.3.1/lib/libpico.a(irq.c.obj)
                0x00000000100012d0                irq_is_enabled
 .text.irq_set_mask_enabled
                0x00000000100012e8       0x20 C:\Users\Akshat\AppData\Local\Arduino15\packages\rp2040\hardware\rp2040\2.3.1/lib/libpico.a(irq.c.obj)
                0x00000000100012e8                irq_set_mask_enabled
 .text.irq_set_enabled
                0x0000000010001308        0xe C:\Users\Akshat\AppData\Local\Arduino15\packages\rp2040\hardware\rp2040\2.3.1/lib/libpico.a(irq.c.obj)
                0x0000000010001308                irq_set_enabled
 *fill*         0x0000000010001316        0x2 
 .text.irq_set_pending
                0x0000000010001318       0x10 C:\Users\Akshat\AppData\Local\Arduino15\packages\rp2040\hardware\rp2040\2.3.1/lib/libpico.a(irq.c.obj)
                0x0000000010001318                irq_set_pending
 .text.irq_get_vtable_handler
                0x0000000010001328       0x10 C:\Users\Akshat\AppData\Local\Arduino15\packages\rp2040\hardware\rp2040\2.3.1/lib/libpico.a(irq.c.obj)
                0x0000000010001328                irq_get_vtable_handler
 .text.irq_set_exclusive_handler
                0x0000000010001338       0x40 C:\Users\Akshat\AppData\Local\Arduino15\packages\rp2040\hardware\rp2040\2.3.1/lib/libpico.a(irq.c.obj)
                0x0000000010001338                irq_set_exclusive_handler
 .text.irq_remove_handler
                0x0000000010001378      0x160 C:\Users\Akshat\AppData\Local\Arduino15\packages\rp2040\hardware\rp2040\2.3.1/lib/libpico.a(irq.c.obj)
                0x0000000010001378                irq_remove_handler
 .text.irq_add_tail_to_free_list
                0x00000000100014d8       0xa8 C:\Users\Akshat\AppData\Local\Arduino15\packages\rp2040\hardware\rp2040\2.3.1/lib/libpico.a(irq.c.obj)
                0x00000000100014d8                irq_add_tail_to_free_list
 .text.irq_init_priorities
                0x0000000010001580       0x24 C:\Users\Akshat\AppData\Local\Arduino15\packages\rp2040\hardware\rp2040\2.3.1/lib/libpico.a(irq.c.obj)
                0x0000000010001580                irq_init_priorities
 .text.user_irq_claim_unused
                0x00000000100015a4       0x2c C:\Users\Akshat\AppData\Local\Arduino15\packages\rp2040\hardware\rp2040\2.3.1/lib/libpico.a(irq.c.obj)
                0x00000000100015a4                user_irq_claim_unused
 .text.time_reached
                0x00000000100015d0       0x28 C:\Users\Akshat\AppData\Local\Arduino15\packages\rp2040\hardware\rp2040\2.3.1/lib/libpico.a(time.c.obj)
 .text.timer_pool_entry_comparator
                0x00000000100015f8       0x30 C:\Users\Akshat\AppData\Local\Arduino15\packages\rp2040\hardware\rp2040\2.3.1/lib/libpico.a(time.c.obj)
                0x00000000100015f8                timer_pool_entry_comparator
 .text.alarm_pool_post_alloc_init
                0x0000000010001628       0x3c C:\Users\Akshat\AppData\Local\Arduino15\packages\rp2040\hardware\rp2040\2.3.1/lib/libpico.a(time.c.obj)
 .text.sleep_until_callback
                0x0000000010001664       0x30 C:\Users\Akshat\AppData\Local\Arduino15\packages\rp2040\hardware\rp2040\2.3.1/lib/libpico.a(time.c.obj)
 .text.ph_add_child_node.isra.0
                0x0000000010001694       0x22 C:\Users\Akshat\AppData\Local\Arduino15\packages\rp2040\hardware\rp2040\2.3.1/lib/libpico.a(time.c.obj)
 *fill*         0x00000000100016b6        0x2 
 .text.add_alarm_under_lock
                0x00000000100016b8       0xc8 C:\Users\Akshat\AppData\Local\Arduino15\packages\rp2040\hardware\rp2040\2.3.1/lib/libpico.a(time.c.obj)
 .text.alarm_pool_alarm_callback
                0x0000000010001780      0x188 C:\Users\Akshat\AppData\Local\Arduino15\packages\rp2040\hardware\rp2040\2.3.1/lib/libpico.a(time.c.obj)
 .text.alarm_pool_init_default
                0x0000000010001908       0x34 C:\Users\Akshat\AppData\Local\Arduino15\packages\rp2040\hardware\rp2040\2.3.1/lib/libpico.a(time.c.obj)
                0x0000000010001908                alarm_pool_init_default
 .text.alarm_pool_get_default
                0x000000001000193c        0x8 C:\Users\Akshat\AppData\Local\Arduino15\packages\rp2040\hardware\rp2040\2.3.1/lib/libpico.a(time.c.obj)
                0x000000001000193c                alarm_pool_get_default
 .text.alarm_pool_add_alarm_at
                0x0000000010001944       0xda C:\Users\Akshat\AppData\Local\Arduino15\packages\rp2040\hardware\rp2040\2.3.1/lib/libpico.a(time.c.obj)
                0x0000000010001944                alarm_pool_add_alarm_at
 .text.alarm_pool_cancel_alarm
                0x0000000010001a1e       0x66 C:\Users\Akshat\AppData\Local\Arduino15\packages\rp2040\hardware\rp2040\2.3.1/lib/libpico.a(time.c.obj)
                0x0000000010001a1e                alarm_pool_cancel_alarm
 .text.sleep_until
                0x0000000010001a84       0x98 C:\Users\Akshat\AppData\Local\Arduino15\packages\rp2040\hardware\rp2040\2.3.1/lib/libpico.a(time.c.obj)
                0x0000000010001a84                sleep_until
 .text.sleep_us
                0x0000000010001b1c       0x2c C:\Users\Akshat\AppData\Local\Arduino15\packages\rp2040\hardware\rp2040\2.3.1/lib/libpico.a(time.c.obj)
                0x0000000010001b1c                sleep_us
 .text.sleep_ms
                0x0000000010001b48       0x14 C:\Users\Akshat\AppData\Local\Arduino15\packages\rp2040\hardware\rp2040\2.3.1/lib/libpico.a(time.c.obj)
                0x0000000010001b48                sleep_ms
 .text.best_effort_wfe_or_timeout
                0x0000000010001b5c       0x40 C:\Users\Akshat\AppData\Local\Arduino15\packages\rp2040\hardware\rp2040\2.3.1/lib/libpico.a(time.c.obj)
                0x0000000010001b5c                best_effort_wfe_or_timeout
 .text.hardware_alarm_irq_handler
                0x0000000010001b9c       0x90 C:\Users\Akshat\AppData\Local\Arduino15\packages\rp2040\hardware\rp2040\2.3.1/lib/libpico.a(timer.c.obj)
 .text.hardware_alarm_claim
                0x0000000010001c2c       0x18 C:\Users\Akshat\AppData\Local\Arduino15\packages\rp2040\hardware\rp2040\2.3.1/lib/libpico.a(timer.c.obj)
                0x0000000010001c2c                hardware_alarm_claim
 .text.time_us_64
                0x0000000010001c44       0x14 C:\Users\Akshat\AppData\Local\Arduino15\packages\rp2040\hardware\rp2040\2.3.1/lib/libpico.a(timer.c.obj)
                0x0000000010001c44                time_us_64
 .text.busy_wait_until
                0x0000000010001c58       0x1c C:\Users\Akshat\AppData\Local\Arduino15\packages\rp2040\hardware\rp2040\2.3.1/lib/libpico.a(timer.c.obj)
                0x0000000010001c58                busy_wait_until
 .text.hardware_alarm_set_callback
                0x0000000010001c74       0x94 C:\Users\Akshat\AppData\Local\Arduino15\packages\rp2040\hardware\rp2040\2.3.1/lib/libpico.a(timer.c.obj)
                0x0000000010001c74                hardware_alarm_set_callback
 .text.hardware_alarm_set_target
                0x0000000010001d08       0xbc C:\Users\Akshat\AppData\Local\Arduino15\packages\rp2040\hardware\rp2040\2.3.1/lib/libpico.a(timer.c.obj)
                0x0000000010001d08                hardware_alarm_set_target
 .text.hardware_alarm_cancel
                0x0000000010001dc4       0x40 C:\Users\Akshat\AppData\Local\Arduino15\packages\rp2040\hardware\rp2040\2.3.1/lib/libpico.a(timer.c.obj)
                0x0000000010001dc4                hardware_alarm_cancel
 .text.ph_add_child_node.isra.0
                0x0000000010001e04       0x22 C:\Users\Akshat\AppData\Local\Arduino15\packages\rp2040\hardware\rp2040\2.3.1/lib/libpico.a(pheap.c.obj)
 .text.ph_merge_nodes
                0x0000000010001e26       0x36 C:\Users\Akshat\AppData\Local\Arduino15\packages\rp2040\hardware\rp2040\2.3.1/lib/libpico.a(pheap.c.obj)
 .text.ph_clear
                0x0000000010001e5c       0x34 C:\Users\Akshat\AppData\Local\Arduino15\packages\rp2040\hardware\rp2040\2.3.1/lib/libpico.a(pheap.c.obj)
                0x0000000010001e5c                ph_clear
 .text.ph_post_alloc_init
                0x0000000010001e90        0xe C:\Users\Akshat\AppData\Local\Arduino15\packages\rp2040\hardware\rp2040\2.3.1/lib/libpico.a(pheap.c.obj)
                0x0000000010001e90                ph_post_alloc_init
 .text.ph_merge_two_pass
                0x0000000010001e9e       0x48 C:\Users\Akshat\AppData\Local\Arduino15\packages\rp2040\hardware\rp2040\2.3.1/lib/libpico.a(pheap.c.obj)
                0x0000000010001e9e                ph_merge_two_pass
 .text.ph_remove_any_head
                0x0000000010001ee6       0x4a C:\Users\Akshat\AppData\Local\Arduino15\packages\rp2040\hardware\rp2040\2.3.1/lib/libpico.a(pheap.c.obj)
 .text.ph_remove_head
                0x0000000010001f30       0x14 C:\Users\Akshat\AppData\Local\Arduino15\packages\rp2040\hardware\rp2040\2.3.1/lib/libpico.a(pheap.c.obj)
                0x0000000010001f30                ph_remove_head
 .text.ph_remove_and_free_node
                0x0000000010001f44       0x6e C:\Users\Akshat\AppData\Local\Arduino15\packages\rp2040\hardware\rp2040\2.3.1/lib/libpico.a(pheap.c.obj)
                0x0000000010001f44                ph_remove_and_free_node
 .text.queue_init_with_spinlock
                0x0000000010001fb2       0x22 C:\Users\Akshat\AppData\Local\Arduino15\packages\rp2040\hardware\rp2040\2.3.1/lib/libpico.a(queue.c.obj)
                0x0000000010001fb2                queue_init_with_spinlock
 .text.mutex_init
                0x0000000010001fd4       0x1a C:\Users\Akshat\AppData\Local\Arduino15\packages\rp2040\hardware\rp2040\2.3.1/lib/libpico.a(mutex.c.obj)
                0x0000000010001fd4                mutex_init
 .text.recursive_mutex_init
                0x0000000010001fee       0x1a C:\Users\Akshat\AppData\Local\Arduino15\packages\rp2040\hardware\rp2040\2.3.1/lib/libpico.a(mutex.c.obj)
                0x0000000010001fee                recursive_mutex_init
 .text.exception_get_vtable_handler
                0x0000000010002008       0x10 C:\Users\Akshat\AppData\Local\Arduino15\packages\rp2040\hardware\rp2040\2.3.1/lib/libpico.a(exception.c.obj)
                0x0000000010002008                exception_get_vtable_handler
 .text.exception_set_exclusive_handler
                0x0000000010002018       0x48 C:\Users\Akshat\AppData\Local\Arduino15\packages\rp2040\hardware\rp2040\2.3.1/lib/libpico.a(exception.c.obj)
                0x0000000010002018                exception_set_exclusive_handler
 .text.rom_func_lookup
                0x0000000010002060       0x10 C:\Users\Akshat\AppData\Local\Arduino15\packages\rp2040\hardware\rp2040\2.3.1/lib/libpico.a(bootrom.c.obj)
                0x0000000010002060                rom_func_lookup
 .text.rom_data_lookup
                0x0000000010002070       0x10 C:\Users\Akshat\AppData\Local\Arduino15\packages\rp2040\hardware\rp2040\2.3.1/lib/libpico.a(bootrom.c.obj)
                0x0000000010002070                rom_data_lookup
 .text.rom_funcs_lookup
                0x0000000010002080       0x26 C:\Users\Akshat\AppData\Local\Arduino15\packages\rp2040\hardware\rp2040\2.3.1/lib/libpico.a(bootrom.c.obj)
                0x0000000010002080                rom_funcs_lookup
 *fill*         0x00000000100020a6        0x2 
 .text._pio_find_offset_for_program.isra.0
                0x00000000100020a8       0x48 C:\Users\Akshat\AppData\Local\Arduino15\packages\rp2040\hardware\rp2040\2.3.1/lib/libpico.a(pio.c.obj)
 .text._pio_add_program_at_offset
                0x00000000100020f0       0x80 C:\Users\Akshat\AppData\Local\Arduino15\packages\rp2040\hardware\rp2040\2.3.1/lib/libpico.a(pio.c.obj)
 .text.pio_claim_unused_sm
                0x0000000010002170       0x34 C:\Users\Akshat\AppData\Local\Arduino15\packages\rp2040\hardware\rp2040\2.3.1/lib/libpico.a(pio.c.obj)
                0x0000000010002170                pio_claim_unused_sm
 .text.pio_can_add_program
                0x00000000100021a4       0x2a C:\Users\Akshat\AppData\Local\Arduino15\packages\rp2040\hardware\rp2040\2.3.1/lib/libpico.a(pio.c.obj)
                0x00000000100021a4                pio_can_add_program
 *fill*         0x00000000100021ce        0x2 
 .text.pio_add_program
                0x00000000100021d0       0x3c C:\Users\Akshat\AppData\Local\Arduino15\packages\rp2040\hardware\rp2040\2.3.1/lib/libpico.a(pio.c.obj)
                0x00000000100021d0                pio_add_program
 .text.pio_sm_init
                0x000000001000220c       0x88 C:\Users\Akshat\AppData\Local\Arduino15\packages\rp2040\hardware\rp2040\2.3.1/lib/libpico.a(pio.c.obj)
                0x000000001000220c                pio_sm_init
 .text          0x0000000010002294       0x10 C:\Users\Akshat\AppData\Local\Arduino15\packages\rp2040\hardware\rp2040\2.3.1/lib/libpico.a(bit_ops_aeabi.S.obj)
 .text.startup._retrieve_unique_id_on_boot
                0x00000000100022a4       0x10 C:\Users\Akshat\AppData\Local\Arduino15\packages\rp2040\hardware\rp2040\2.3.1/lib/libpico.a(unique_id.c.obj)
 .text.pico_get_unique_board_id_string
                0x00000000100022b4       0x44 C:\Users\Akshat\AppData\Local\Arduino15\packages\rp2040\hardware\rp2040\2.3.1/lib/libpico.a(unique_id.c.obj)
                0x00000000100022b4                pico_get_unique_board_id_string
 .text.set_sys_clock_pll
                0x00000000100022f8       0x78 C:\Users\Akshat\AppData\Local\Arduino15\packages\rp2040\hardware\rp2040\2.3.1/lib/libpico.a(stdlib.c.obj)
                0x00000000100022f8                set_sys_clock_pll
 .text.check_sys_clock_khz
                0x0000000010002370       0x8c C:\Users\Akshat\AppData\Local\Arduino15\packages\rp2040\hardware\rp2040\2.3.1/lib/libpico.a(stdlib.c.obj)
                0x0000000010002370                check_sys_clock_khz
 .text.runtime_init
                0x00000000100023fc       0xcc C:\Users\Akshat\AppData\Local\Arduino15\packages\rp2040\hardware\rp2040\2.3.1/lib/libpico.a(runtime.c.obj)
                0x00000000100023fc                runtime_init
 .text._exit    0x00000000100024c8        0x4 C:\Users\Akshat\AppData\Local\Arduino15\packages\rp2040\hardware\rp2040\2.3.1/lib/libpico.a(runtime.c.obj)
                0x00000000100024c8                _exit
 .text._sbrk    0x00000000100024cc       0x30 C:\Users\Akshat\AppData\Local\Arduino15\packages\rp2040\hardware\rp2040\2.3.1/lib/libpico.a(runtime.c.obj)
                0x00000000100024cc                _sbrk
 .text.exit     0x00000000100024fc        0x4 C:\Users\Akshat\AppData\Local\Arduino15\packages\rp2040\hardware\rp2040\2.3.1/lib/libpico.a(runtime.c.obj)
                0x00000000100024fc                exit
 .text.__assert_func
                0x0000000010002500       0x30 C:\Users\Akshat\AppData\Local\Arduino15\packages\rp2040\hardware\rp2040\2.3.1/lib/libpico.a(runtime.c.obj)
                0x0000000010002500                __assert_func
 .text.panic    0x0000000010002530       0x2c C:\Users\Akshat\AppData\Local\Arduino15\packages\rp2040\hardware\rp2040\2.3.1/lib/libpico.a(runtime.c.obj)
                0x0000000010002530                panic
 .text.hard_assertion_failure
                0x000000001000255c        0xc C:\Users\Akshat\AppData\Local\Arduino15\packages\rp2040\hardware\rp2040\2.3.1/lib/libpico.a(runtime.c.obj)
                0x000000001000255c                hard_assertion_failure
 .text.__wrap___aeabi_idiv
                0x0000000010002568       0x50 C:\Users\Akshat\AppData\Local\Arduino15\packages\rp2040\hardware\rp2040\2.3.1/lib/libpico.a(divider.S.obj)
                0x0000000010002568                __wrap___aeabi_idivmod
                0x0000000010002568                divmod_s32s32
                0x0000000010002568                div_s32s32
                0x0000000010002568                __wrap___aeabi_idiv
                0x0000000010002570                divmod_s32s32_unsafe
                0x000000001000259c                divmod_s32s32_savestate
 .text.__wrap___aeabi_uidiv
                0x00000000100025b8       0x4c C:\Users\Akshat\AppData\Local\Arduino15\packages\rp2040\hardware\rp2040\2.3.1/lib/libpico.a(divider.S.obj)
                0x00000000100025b8                __wrap___aeabi_uidiv
                0x00000000100025b8                __wrap___aeabi_uidivmod
                0x00000000100025b8                div_u32u32
                0x00000000100025b8                divmod_u32u32
                0x00000000100025c0                divmod_u32u32_unsafe
                0x00000000100025e8                divmod_u32u32_savestate
 .text.__wrap___aeabi_ldiv
                0x0000000010002604      0x434 C:\Users\Akshat\AppData\Local\Arduino15\packages\rp2040\hardware\rp2040\2.3.1/lib/libpico.a(divider.S.obj)
                0x0000000010002604                div_s64s64
                0x0000000010002604                divmod_s64s64
                0x0000000010002604                __wrap___aeabi_ldivmod
                0x000000001000263c                divmod_u64u64
                0x000000001000263c                div_u64u64
                0x000000001000263c                __wrap___aeabi_uldivmod
                0x000000001000264c                divmod_u64u64_savestate
                0x0000000010002674                divmod_s64s64_unsafe
                0x00000000100026fc                divmod_u64u64_unsafe
 .text.__wrap___aeabi_darithmetic
                0x0000000010002a38       0x60 C:\Users\Akshat\AppData\Local\Arduino15\packages\rp2040\hardware\rp2040\2.3.1/lib/libpico.a(double_aeabi.S.obj)
                0x0000000010002a38                __wrap___aeabi_drsub
                0x0000000010002a3e                __wrap___aeabi_dsub
                0x0000000010002a48                __wrap___aeabi_dadd
                0x0000000010002a52                __wrap___aeabi_ddiv
                0x0000000010002a86                __wrap___aeabi_dmul
 .text.__wrap___aeabi_cdcmple
                0x0000000010002a98       0x6c C:\Users\Akshat\AppData\Local\Arduino15\packages\rp2040\hardware\rp2040\2.3.1/lib/libpico.a(double_aeabi.S.obj)
                0x0000000010002a98                __wrap___aeabi_cdrcmple
                0x0000000010002aa8                __wrap___aeabi_cdcmpeq
                0x0000000010002aa8                __wrap___aeabi_cdcmple
 .text.__wrap___aeabi_dcmpeq
                0x0000000010002b04       0x10 C:\Users\Akshat\AppData\Local\Arduino15\packages\rp2040\hardware\rp2040\2.3.1/lib/libpico.a(double_aeabi.S.obj)
                0x0000000010002b04                __wrap___aeabi_dcmpeq
 .text.__wrap___aeabi_dcmplt
                0x0000000010002b14        0xc C:\Users\Akshat\AppData\Local\Arduino15\packages\rp2040\hardware\rp2040\2.3.1/lib/libpico.a(double_aeabi.S.obj)
                0x0000000010002b14                __wrap___aeabi_dcmplt
 .text.__wrap___aeabi_dcmple
                0x0000000010002b20       0x10 C:\Users\Akshat\AppData\Local\Arduino15\packages\rp2040\hardware\rp2040\2.3.1/lib/libpico.a(double_aeabi.S.obj)
                0x0000000010002b20                __wrap___aeabi_dcmple
 .text.__wrap___aeabi_dcmpge
                0x0000000010002b30       0x10 C:\Users\Akshat\AppData\Local\Arduino15\packages\rp2040\hardware\rp2040\2.3.1/lib/libpico.a(double_aeabi.S.obj)
                0x0000000010002b30                __wrap___aeabi_dcmpge
 .text.__wrap___aeabi_dcmpgt
                0x0000000010002b40        0xa C:\Users\Akshat\AppData\Local\Arduino15\packages\rp2040\hardware\rp2040\2.3.1/lib/libpico.a(double_aeabi.S.obj)
                0x0000000010002b40                __wrap___aeabi_dcmpgt
 .text.__wrap___aeabi_dcmpun
                0x0000000010002b4a       0x1c C:\Users\Akshat\AppData\Local\Arduino15\packages\rp2040\hardware\rp2040\2.3.1/lib/libpico.a(double_aeabi.S.obj)
                0x0000000010002b4a                __wrap___aeabi_dcmpun
 *fill*         0x0000000010002b66        0x2 
 .text.__wrap___aeabi_i2d
                0x0000000010002b68       0x38 C:\Users\Akshat\AppData\Local\Arduino15\packages\rp2040\hardware\rp2040\2.3.1/lib/libpico.a(double_aeabi.S.obj)
                0x0000000010002b68                __wrap___aeabi_ui2d
                0x0000000010002b70                __wrap___aeabi_i2d
 .text.__wrap___aeabi_d2iz
                0x0000000010002ba0       0x48 C:\Users\Akshat\AppData\Local\Arduino15\packages\rp2040\hardware\rp2040\2.3.1/lib/libpico.a(double_aeabi.S.obj)
                0x0000000010002ba0                double2int_z
                0x0000000010002ba0                __wrap___aeabi_d2iz
 .text.__wrap___aeabi_d2uiz
                0x0000000010002be8       0x10 C:\Users\Akshat\AppData\Local\Arduino15\packages\rp2040\hardware\rp2040\2.3.1/lib/libpico.a(double_aeabi.S.obj)
                0x0000000010002be8                __wrap___aeabi_d2uiz
                0x0000000010002be8                double2uint
 .text.__wrap___aeabi_l2d
                0x0000000010002bf8       0x10 C:\Users\Akshat\AppData\Local\Arduino15\packages\rp2040\hardware\rp2040\2.3.1/lib/libpico.a(double_aeabi.S.obj)
                0x0000000010002bf8                __wrap___aeabi_l2d
 .text.__wrap___aeabi_d2lz
                0x0000000010002c08       0x26 C:\Users\Akshat\AppData\Local\Arduino15\packages\rp2040\hardware\rp2040\2.3.1/lib/libpico.a(double_aeabi.S.obj)
                0x0000000010002c08                double2int64_z
                0x0000000010002c08                __wrap___aeabi_d2lz
 *fill*         0x0000000010002c2e        0x2 
 .text.double2int64
                0x0000000010002c30       0x10 C:\Users\Akshat\AppData\Local\Arduino15\packages\rp2040\hardware\rp2040\2.3.1/lib/libpico.a(double_aeabi.S.obj)
                0x0000000010002c30                double2int64
 .text.double2ufix64
                0x0000000010002c40       0x10 C:\Users\Akshat\AppData\Local\Arduino15\packages\rp2040\hardware\rp2040\2.3.1/lib/libpico.a(double_aeabi.S.obj)
                0x0000000010002c40                double2ufix64
 .text.__wrap___aeabi_d2f
                0x0000000010002c50       0x10 C:\Users\Akshat\AppData\Local\Arduino15\packages\rp2040\hardware\rp2040\2.3.1/lib/libpico.a(double_aeabi.S.obj)
                0x0000000010002c50                __wrap___aeabi_d2f
 .text.missing_double_func_shim
                0x0000000010002c60        0xc C:\Users\Akshat\AppData\Local\Arduino15\packages\rp2040\hardware\rp2040\2.3.1/lib/libpico.a(double_init_rom.c.obj)
 .text.__aeabi_double_init
                0x0000000010002c6c       0x5c C:\Users\Akshat\AppData\Local\Arduino15\packages\rp2040\hardware\rp2040\2.3.1/lib/libpico.a(double_init_rom.c.obj)
                0x0000000010002c6c                __aeabi_double_init
 .text.double_table_shim_on_use_helper
                0x0000000010002cc8       0x2c C:\Users\Akshat\AppData\Local\Arduino15\packages\rp2040\hardware\rp2040\2.3.1/lib/libpico.a(double_v1_rom_shim.S.obj)
                0x0000000010002cc8                double_table_shim_on_use_helper
 .text.__aeabi_lmul
                0x0000000010002cf4       0x32 C:\Users\Akshat\AppData\Local\Arduino15\packages\rp2040\hardware\rp2040\2.3.1/lib/libpico.a(pico_int64_ops_aeabi.S.obj)
                0x0000000010002cf4                __wrap___aeabi_lmul
 *fill*         0x0000000010002d26        0x2 
 .text          0x0000000010002d28       0x10 C:\Users\Akshat\AppData\Local\Arduino15\packages\rp2040\hardware\rp2040\2.3.1/lib/libpico.a(mem_ops_aeabi.S.obj)
                0x0000000010002d28                __aeabi_mem_init
 .text.memset   0x0000000010002d38        0xc C:\Users\Akshat\AppData\Local\Arduino15\packages\rp2040\hardware\rp2040\2.3.1/lib/libpico.a(mem_ops_aeabi.S.obj)
                0x0000000010002d38                __wrap_memset
 .text.memcpy   0x0000000010002d44        0xc C:\Users\Akshat\AppData\Local\Arduino15\packages\rp2040\hardware\rp2040\2.3.1/lib/libpico.a(mem_ops_aeabi.S.obj)
                0x0000000010002d44                __wrap_memcpy
                0x0000000010002d44                __wrap___aeabi_memcpy
 .text._Znwj    0x0000000010002d50        0x8 C:\Users\Akshat\AppData\Local\Arduino15\packages\rp2040\hardware\rp2040\2.3.1/lib/libpico.a(new_delete.cpp.obj)
                0x0000000010002d50                _Znwj
 .text._ZdlPvj  0x0000000010002d58        0x8 C:\Users\Akshat\AppData\Local\Arduino15\packages\rp2040\hardware\rp2040\2.3.1/lib/libpico.a(new_delete.cpp.obj)
                0x0000000010002d58                _ZdlPvj
 .text.multicore_fifo_pop_blocking_inline
                0x0000000010002d60       0x14 C:\Users\Akshat\AppData\Local\Arduino15\packages\rp2040\hardware\rp2040\2.3.1/lib/libpico.a(multicore.c.obj)
 .text.core1_trampoline
                0x0000000010002d74        0x2 C:\Users\Akshat\AppData\Local\Arduino15\packages\rp2040\hardware\rp2040\2.3.1/lib/libpico.a(multicore.c.obj)
 .text.core1_wrapper
                0x0000000010002d76        0xc C:\Users\Akshat\AppData\Local\Arduino15\packages\rp2040\hardware\rp2040\2.3.1/lib/libpico.a(multicore.c.obj)
                0x0000000010002d76                core1_wrapper
 .text.multicore_fifo_push_blocking_inline
                0x0000000010002d82       0x12 C:\Users\Akshat\AppData\Local\Arduino15\packages\rp2040\hardware\rp2040\2.3.1/lib/libpico.a(multicore.c.obj)
 .text.multicore_fifo_pop_blocking
                0x0000000010002d94        0x8 C:\Users\Akshat\AppData\Local\Arduino15\packages\rp2040\hardware\rp2040\2.3.1/lib/libpico.a(multicore.c.obj)
                0x0000000010002d94                multicore_fifo_pop_blocking
 .text.multicore_launch_core1_raw
                0x0000000010002d9c       0x6a C:\Users\Akshat\AppData\Local\Arduino15\packages\rp2040\hardware\rp2040\2.3.1/lib/libpico.a(multicore.c.obj)
                0x0000000010002d9c                multicore_launch_core1_raw
 *fill*         0x0000000010002e06        0x2 
 .text.multicore_launch_core1_with_stack
                0x0000000010002e08       0x34 C:\Users\Akshat\AppData\Local\Arduino15\packages\rp2040\hardware\rp2040\2.3.1/lib/libpico.a(multicore.c.obj)
                0x0000000010002e08                multicore_launch_core1_with_stack
 .text.multicore_launch_core1
                0x0000000010002e3c       0x20 C:\Users\Akshat\AppData\Local\Arduino15\packages\rp2040\hardware\rp2040\2.3.1/lib/libpico.a(multicore.c.obj)
                0x0000000010002e3c                multicore_launch_core1
 .text.get_driver
                0x0000000010002e5c       0x40 C:\Users\Akshat\AppData\Local\Arduino15\packages\rp2040\hardware\rp2040\2.3.1/lib/libpico.a(usbd.c.obj)
 .text.configuration_reset
                0x0000000010002e9c       0x4c C:\Users\Akshat\AppData\Local\Arduino15\packages\rp2040\hardware\rp2040\2.3.1/lib/libpico.a(usbd.c.obj)
 .text.invoke_class_control
                0x0000000010002ee8       0x1a C:\Users\Akshat\AppData\Local\Arduino15\packages\rp2040\hardware\rp2040\2.3.1/lib/libpico.a(usbd.c.obj)
 .text.osal_queue_send.constprop.0.isra.0
                0x0000000010002f02       0x30 C:\Users\Akshat\AppData\Local\Arduino15\packages\rp2040\hardware\rp2040\2.3.1/lib/libpico.a(usbd.c.obj)
 *fill*         0x0000000010002f32        0x2 
 .text.tud_mounted
                0x0000000010002f34       0x10 C:\Users\Akshat\AppData\Local\Arduino15\packages\rp2040\hardware\rp2040\2.3.1/lib/libpico.a(usbd.c.obj)
                0x0000000010002f34                tud_mounted
 .text.tud_suspended
                0x0000000010002f44       0x10 C:\Users\Akshat\AppData\Local\Arduino15\packages\rp2040\hardware\rp2040\2.3.1/lib/libpico.a(usbd.c.obj)
                0x0000000010002f44                tud_suspended
 .text.tud_inited
                0x0000000010002f54        0xc C:\Users\Akshat\AppData\Local\Arduino15\packages\rp2040\hardware\rp2040\2.3.1/lib/libpico.a(usbd.c.obj)
                0x0000000010002f54                tud_inited
 .text.tud_init
                0x0000000010002f60       0x98 C:\Users\Akshat\AppData\Local\Arduino15\packages\rp2040\hardware\rp2040\2.3.1/lib/libpico.a(usbd.c.obj)
                0x0000000010002f60                tud_init
 .text.dcd_event_handler
                0x0000000010002ff8       0x7c C:\Users\Akshat\AppData\Local\Arduino15\packages\rp2040\hardware\rp2040\2.3.1/lib/libpico.a(usbd.c.obj)
                0x0000000010002ff8                dcd_event_handler
 .text.dcd_event_bus_signal
                0x0000000010003074       0x22 C:\Users\Akshat\AppData\Local\Arduino15\packages\rp2040\hardware\rp2040\2.3.1/lib/libpico.a(usbd.c.obj)
                0x0000000010003074                dcd_event_bus_signal
 .text.dcd_event_bus_reset
                0x0000000010003096       0x2a C:\Users\Akshat\AppData\Local\Arduino15\packages\rp2040\hardware\rp2040\2.3.1/lib/libpico.a(usbd.c.obj)
                0x0000000010003096                dcd_event_bus_reset
 .text.dcd_event_setup_received
                0x00000000100030c0       0x26 C:\Users\Akshat\AppData\Local\Arduino15\packages\rp2040\hardware\rp2040\2.3.1/lib/libpico.a(usbd.c.obj)
                0x00000000100030c0                dcd_event_setup_received
 .text.dcd_event_xfer_complete
                0x00000000100030e6       0x38 C:\Users\Akshat\AppData\Local\Arduino15\packages\rp2040\hardware\rp2040\2.3.1/lib/libpico.a(usbd.c.obj)
                0x00000000100030e6                dcd_event_xfer_complete
 *fill*         0x000000001000311e        0x2 
 .text.usbd_edpt_open
                0x0000000010003120       0x30 C:\Users\Akshat\AppData\Local\Arduino15\packages\rp2040\hardware\rp2040\2.3.1/lib/libpico.a(usbd.c.obj)
                0x0000000010003120                usbd_edpt_open
 .text.usbd_open_edpt_pair
                0x0000000010003150       0x4e C:\Users\Akshat\AppData\Local\Arduino15\packages\rp2040\hardware\rp2040\2.3.1/lib/libpico.a(usbd.c.obj)
                0x0000000010003150                usbd_open_edpt_pair
 *fill*         0x000000001000319e        0x2 
 .text.usbd_edpt_claim
                0x00000000100031a0       0x68 C:\Users\Akshat\AppData\Local\Arduino15\packages\rp2040\hardware\rp2040\2.3.1/lib/libpico.a(usbd.c.obj)
                0x00000000100031a0                usbd_edpt_claim
 .text.usbd_edpt_release
                0x0000000010003208       0x4c C:\Users\Akshat\AppData\Local\Arduino15\packages\rp2040\hardware\rp2040\2.3.1/lib/libpico.a(usbd.c.obj)
                0x0000000010003208                usbd_edpt_release
 .text.usbd_edpt_xfer
                0x0000000010003254       0x44 C:\Users\Akshat\AppData\Local\Arduino15\packages\rp2040\hardware\rp2040\2.3.1/lib/libpico.a(usbd.c.obj)
                0x0000000010003254                usbd_edpt_xfer
 .text.usbd_edpt_stall
                0x0000000010003298       0x34 C:\Users\Akshat\AppData\Local\Arduino15\packages\rp2040\hardware\rp2040\2.3.1/lib/libpico.a(usbd.c.obj)
                0x0000000010003298                usbd_edpt_stall
 .text.usbd_edpt_clear_stall
                0x00000000100032cc       0x34 C:\Users\Akshat\AppData\Local\Arduino15\packages\rp2040\hardware\rp2040\2.3.1/lib/libpico.a(usbd.c.obj)
                0x00000000100032cc                usbd_edpt_clear_stall
 .text.usbd_edpt_stalled
                0x0000000010003300       0x1c C:\Users\Akshat\AppData\Local\Arduino15\packages\rp2040\hardware\rp2040\2.3.1/lib/libpico.a(usbd.c.obj)
                0x0000000010003300                usbd_edpt_stalled
 .text.tud_task
                0x000000001000331c      0x558 C:\Users\Akshat\AppData\Local\Arduino15\packages\rp2040\hardware\rp2040\2.3.1/lib/libpico.a(usbd.c.obj)
                0x000000001000331c                tud_task
 .text._data_stage_xact
                0x0000000010003874       0x58 C:\Users\Akshat\AppData\Local\Arduino15\packages\rp2040\hardware\rp2040\2.3.1/lib/libpico.a(usbd_control.c.obj)
 .text._status_stage_xact.isra.0
                0x00000000100038cc       0x14 C:\Users\Akshat\AppData\Local\Arduino15\packages\rp2040\hardware\rp2040\2.3.1/lib/libpico.a(usbd_control.c.obj)
 .text.tud_control_status
                0x00000000100038e0       0x24 C:\Users\Akshat\AppData\Local\Arduino15\packages\rp2040\hardware\rp2040\2.3.1/lib/libpico.a(usbd_control.c.obj)
                0x00000000100038e0                tud_control_status
 .text.tud_control_xfer
                0x0000000010003904       0x54 C:\Users\Akshat\AppData\Local\Arduino15\packages\rp2040\hardware\rp2040\2.3.1/lib/libpico.a(usbd_control.c.obj)
                0x0000000010003904                tud_control_xfer
 .text.usbd_control_reset
                0x0000000010003958       0x14 C:\Users\Akshat\AppData\Local\Arduino15\packages\rp2040\hardware\rp2040\2.3.1/lib/libpico.a(usbd_control.c.obj)
                0x0000000010003958                usbd_control_reset
 .text.usbd_control_set_complete_callback
                0x000000001000396c        0xc C:\Users\Akshat\AppData\Local\Arduino15\packages\rp2040\hardware\rp2040\2.3.1/lib/libpico.a(usbd_control.c.obj)
                0x000000001000396c                usbd_control_set_complete_callback
 .text.usbd_control_set_request
                0x0000000010003978       0x1c C:\Users\Akshat\AppData\Local\Arduino15\packages\rp2040\hardware\rp2040\2.3.1/lib/libpico.a(usbd_control.c.obj)
                0x0000000010003978                usbd_control_set_request
 .text.usbd_control_xfer_cb
                0x0000000010003994       0xa4 C:\Users\Akshat\AppData\Local\Arduino15\packages\rp2040\hardware\rp2040\2.3.1/lib/libpico.a(usbd_control.c.obj)
                0x0000000010003994                usbd_control_xfer_cb
 .text._prep_out_transaction
                0x0000000010003a38       0x42 C:\Users\Akshat\AppData\Local\Arduino15\packages\rp2040\hardware\rp2040\2.3.1/lib/libpico.a(cdc_device.c.obj)
 *fill*         0x0000000010003a7a        0x2 
 .text.tud_cdc_n_connected
                0x0000000010003a7c       0x30 C:\Users\Akshat\AppData\Local\Arduino15\packages\rp2040\hardware\rp2040\2.3.1/lib/libpico.a(cdc_device.c.obj)
                0x0000000010003a7c                tud_cdc_n_connected
 .text.tud_cdc_n_available
                0x0000000010003aac       0x18 C:\Users\Akshat\AppData\Local\Arduino15\packages\rp2040\hardware\rp2040\2.3.1/lib/libpico.a(cdc_device.c.obj)
                0x0000000010003aac                tud_cdc_n_available
 .text.tud_cdc_n_read
                0x0000000010003ac4       0x28 C:\Users\Akshat\AppData\Local\Arduino15\packages\rp2040\hardware\rp2040\2.3.1/lib/libpico.a(cdc_device.c.obj)
                0x0000000010003ac4                tud_cdc_n_read
 .text.tud_cdc_n_peek
                0x0000000010003aec       0x18 C:\Users\Akshat\AppData\Local\Arduino15\packages\rp2040\hardware\rp2040\2.3.1/lib/libpico.a(cdc_device.c.obj)
                0x0000000010003aec                tud_cdc_n_peek
 .text.tud_cdc_n_write_flush
                0x0000000010003b04       0x78 C:\Users\Akshat\AppData\Local\Arduino15\packages\rp2040\hardware\rp2040\2.3.1/lib/libpico.a(cdc_device.c.obj)
                0x0000000010003b04                tud_cdc_n_write_flush
 .text.tud_cdc_n_write
                0x0000000010003b7c       0x34 C:\Users\Akshat\AppData\Local\Arduino15\packages\rp2040\hardware\rp2040\2.3.1/lib/libpico.a(cdc_device.c.obj)
                0x0000000010003b7c                tud_cdc_n_write
 .text.tud_cdc_n_write_available
                0x0000000010003bb0       0x18 C:\Users\Akshat\AppData\Local\Arduino15\packages\rp2040\hardware\rp2040\2.3.1/lib/libpico.a(cdc_device.c.obj)
                0x0000000010003bb0                tud_cdc_n_write_available
 .text.cdcd_init
                0x0000000010003bc8       0x7c C:\Users\Akshat\AppData\Local\Arduino15\packages\rp2040\hardware\rp2040\2.3.1/lib/libpico.a(cdc_device.c.obj)
                0x0000000010003bc8                cdcd_init
 .text.cdcd_reset
                0x0000000010003c44       0x30 C:\Users\Akshat\AppData\Local\Arduino15\packages\rp2040\hardware\rp2040\2.3.1/lib/libpico.a(cdc_device.c.obj)
                0x0000000010003c44                cdcd_reset
 .text.cdcd_open
                0x0000000010003c74       0xa4 C:\Users\Akshat\AppData\Local\Arduino15\packages\rp2040\hardware\rp2040\2.3.1/lib/libpico.a(cdc_device.c.obj)
                0x0000000010003c74                cdcd_open
 .text.cdcd_control_xfer_cb
                0x0000000010003d18       0xd8 C:\Users\Akshat\AppData\Local\Arduino15\packages\rp2040\hardware\rp2040\2.3.1/lib/libpico.a(cdc_device.c.obj)
                0x0000000010003d18                cdcd_control_xfer_cb
 .text.cdcd_xfer_cb
                0x0000000010003df0       0xe4 C:\Users\Akshat\AppData\Local\Arduino15\packages\rp2040\hardware\rp2040\2.3.1/lib/libpico.a(cdc_device.c.obj)
                0x0000000010003df0                cdcd_xfer_cb
 .text.hidd_reset
                0x0000000010003ed4       0x14 C:\Users\Akshat\AppData\Local\Arduino15\packages\rp2040\hardware\rp2040\2.3.1/lib/libpico.a(hid_device.c.obj)
                0x0000000010003ed4                hidd_reset
 .text.hidd_init
                0x0000000010003ee8        0xa C:\Users\Akshat\AppData\Local\Arduino15\packages\rp2040\hardware\rp2040\2.3.1/lib/libpico.a(hid_device.c.obj)
                0x0000000010003ee8                hidd_init
 *fill*         0x0000000010003ef2        0x2 
 .text.hidd_open
                0x0000000010003ef4       0xb4 C:\Users\Akshat\AppData\Local\Arduino15\packages\rp2040\hardware\rp2040\2.3.1/lib/libpico.a(hid_device.c.obj)
                0x0000000010003ef4                hidd_open
 .text.hidd_control_xfer_cb
                0x0000000010003fa8      0x1e4 C:\Users\Akshat\AppData\Local\Arduino15\packages\rp2040\hardware\rp2040\2.3.1/lib/libpico.a(hid_device.c.obj)
                0x0000000010003fa8                hidd_control_xfer_cb
 .text.hidd_xfer_cb
                0x000000001000418c       0x80 C:\Users\Akshat\AppData\Local\Arduino15\packages\rp2040\hardware\rp2040\2.3.1/lib/libpico.a(hid_device.c.obj)
                0x000000001000418c                hidd_xfer_cb
 .text.tusb_init
                0x000000001000420c        0xa C:\Users\Akshat\AppData\Local\Arduino15\packages\rp2040\hardware\rp2040\2.3.1/lib/libpico.a(tusb.c.obj)
                0x000000001000420c                tusb_init
 .text.tusb_inited
                0x0000000010004216        0x8 C:\Users\Akshat\AppData\Local\Arduino15\packages\rp2040\hardware\rp2040\2.3.1/lib/libpico.a(tusb.c.obj)
                0x0000000010004216                tusb_inited
 *fill*         0x000000001000421e        0x2 
 .text.tu_edpt_validate
                0x0000000010004220       0x60 C:\Users\Akshat\AppData\Local\Arduino15\packages\rp2040\hardware\rp2040\2.3.1/lib/libpico.a(tusb.c.obj)
                0x0000000010004220                tu_edpt_validate
 .text.tu_edpt_bind_driver
                0x0000000010004280       0x2a C:\Users\Akshat\AppData\Local\Arduino15\packages\rp2040\hardware\rp2040\2.3.1/lib/libpico.a(tusb.c.obj)
                0x0000000010004280                tu_edpt_bind_driver
 .text.advance_pointer
                0x00000000100042aa       0x18 C:\Users\Akshat\AppData\Local\Arduino15\packages\rp2040\hardware\rp2040\2.3.1/lib/libpico.a(tusb_fifo.c.obj)
 .text._tu_fifo_correct_read_pointer
                0x00000000100042c2       0x1e C:\Users\Akshat\AppData\Local\Arduino15\packages\rp2040\hardware\rp2040\2.3.1/lib/libpico.a(tusb_fifo.c.obj)
 .text._ff_unlock
                0x00000000100042e0        0xc C:\Users\Akshat\AppData\Local\Arduino15\packages\rp2040\hardware\rp2040\2.3.1/lib/libpico.a(tusb_fifo.c.obj)
 .text._ff_pull_const_addr
                0x00000000100042ec       0x58 C:\Users\Akshat\AppData\Local\Arduino15\packages\rp2040\hardware\rp2040\2.3.1/lib/libpico.a(tusb_fifo.c.obj)
 .text._tu_fifo_peek_n
                0x0000000010004344      0x12a C:\Users\Akshat\AppData\Local\Arduino15\packages\rp2040\hardware\rp2040\2.3.1/lib/libpico.a(tusb_fifo.c.obj)
 *fill*         0x000000001000446e        0x2 
 .text._ff_push_const_addr
                0x0000000010004470       0x48 C:\Users\Akshat\AppData\Local\Arduino15\packages\rp2040\hardware\rp2040\2.3.1/lib/libpico.a(tusb_fifo.c.obj)
 .text._tu_fifo_peek
                0x00000000100044b8       0x48 C:\Users\Akshat\AppData\Local\Arduino15\packages\rp2040\hardware\rp2040\2.3.1/lib/libpico.a(tusb_fifo.c.obj)
 .text._ff_lock
                0x0000000010004500       0x10 C:\Users\Akshat\AppData\Local\Arduino15\packages\rp2040\hardware\rp2040\2.3.1/lib/libpico.a(tusb_fifo.c.obj)
 .text._tu_fifo_read_n
                0x0000000010004510       0x3e C:\Users\Akshat\AppData\Local\Arduino15\packages\rp2040\hardware\rp2040\2.3.1/lib/libpico.a(tusb_fifo.c.obj)
 .text._tu_fifo_write_n.part.0
                0x000000001000454e      0x14a C:\Users\Akshat\AppData\Local\Arduino15\packages\rp2040\hardware\rp2040\2.3.1/lib/libpico.a(tusb_fifo.c.obj)
 .text.tu_fifo_config
                0x0000000010004698       0x52 C:\Users\Akshat\AppData\Local\Arduino15\packages\rp2040\hardware\rp2040\2.3.1/lib/libpico.a(tusb_fifo.c.obj)
                0x0000000010004698                tu_fifo_config
 .text.tu_fifo_count
                0x00000000100046ea       0x20 C:\Users\Akshat\AppData\Local\Arduino15\packages\rp2040\hardware\rp2040\2.3.1/lib/libpico.a(tusb_fifo.c.obj)
                0x00000000100046ea                tu_fifo_count
 .text.tu_fifo_empty
                0x000000001000470a       0x10 C:\Users\Akshat\AppData\Local\Arduino15\packages\rp2040\hardware\rp2040\2.3.1/lib/libpico.a(tusb_fifo.c.obj)
                0x000000001000470a                tu_fifo_empty
 .text.tu_fifo_remaining
                0x000000001000471a       0x1c C:\Users\Akshat\AppData\Local\Arduino15\packages\rp2040\hardware\rp2040\2.3.1/lib/libpico.a(tusb_fifo.c.obj)
                0x000000001000471a                tu_fifo_remaining
 .text.tu_fifo_read
                0x0000000010004736       0x36 C:\Users\Akshat\AppData\Local\Arduino15\packages\rp2040\hardware\rp2040\2.3.1/lib/libpico.a(tusb_fifo.c.obj)
                0x0000000010004736                tu_fifo_read
 .text.tu_fifo_read_n
                0x000000001000476c        0xa C:\Users\Akshat\AppData\Local\Arduino15\packages\rp2040\hardware\rp2040\2.3.1/lib/libpico.a(tusb_fifo.c.obj)
                0x000000001000476c                tu_fifo_read_n
 .text.tu_fifo_peek
                0x0000000010004776       0x28 C:\Users\Akshat\AppData\Local\Arduino15\packages\rp2040\hardware\rp2040\2.3.1/lib/libpico.a(tusb_fifo.c.obj)
                0x0000000010004776                tu_fifo_peek
 .text.tu_fifo_write
                0x000000001000479e       0x60 C:\Users\Akshat\AppData\Local\Arduino15\packages\rp2040\hardware\rp2040\2.3.1/lib/libpico.a(tusb_fifo.c.obj)
                0x000000001000479e                tu_fifo_write
 .text.tu_fifo_write_n
                0x00000000100047fe       0x12 C:\Users\Akshat\AppData\Local\Arduino15\packages\rp2040\hardware\rp2040\2.3.1/lib/libpico.a(tusb_fifo.c.obj)
                0x00000000100047fe                tu_fifo_write_n
 .text.tu_fifo_clear
                0x0000000010004810       0x34 C:\Users\Akshat\AppData\Local\Arduino15\packages\rp2040\hardware\rp2040\2.3.1/lib/libpico.a(tusb_fifo.c.obj)
                0x0000000010004810                tu_fifo_clear
 .text.tu_fifo_set_overwritable
                0x0000000010004844       0x24 C:\Users\Akshat\AppData\Local\Arduino15\packages\rp2040\hardware\rp2040\2.3.1/lib/libpico.a(tusb_fifo.c.obj)
                0x0000000010004844                tu_fifo_set_overwritable
 .text.hw_claim_lock
                0x0000000010004868       0x18 C:\Users\Akshat\AppData\Local\Arduino15\packages\rp2040\hardware\rp2040\2.3.1/lib/libpico.a(claim.c.obj)
                0x0000000010004868                hw_claim_lock
 .text.hw_claim_unlock
                0x0000000010004880       0x14 C:\Users\Akshat\AppData\Local\Arduino15\packages\rp2040\hardware\rp2040\2.3.1/lib/libpico.a(claim.c.obj)
                0x0000000010004880                hw_claim_unlock
 .text.hw_is_claimed
                0x0000000010004894       0x16 C:\Users\Akshat\AppData\Local\Arduino15\packages\rp2040\hardware\rp2040\2.3.1/lib/libpico.a(claim.c.obj)
                0x0000000010004894                hw_is_claimed
 .text.hw_claim_or_assert
                0x00000000100048aa       0x3a C:\Users\Akshat\AppData\Local\Arduino15\packages\rp2040\hardware\rp2040\2.3.1/lib/libpico.a(claim.c.obj)
                0x00000000100048aa                hw_claim_or_assert
 .text.hw_claim_unused_from_range
                0x00000000100048e4       0x54 C:\Users\Akshat\AppData\Local\Arduino15\packages\rp2040\hardware\rp2040\2.3.1/lib/libpico.a(claim.c.obj)
                0x00000000100048e4                hw_claim_unused_from_range
 .text.running_on_fpga
                0x0000000010004938       0x10 C:\Users\Akshat\AppData\Local\Arduino15\packages\rp2040\hardware\rp2040\2.3.1/lib/libpico.a(platform.c.obj)
                0x0000000010004938                running_on_fpga
 .text.clock_configure
                0x0000000010004948       0xd4 C:\Users\Akshat\AppData\Local\Arduino15\packages\rp2040\hardware\rp2040\2.3.1/lib/libpico.a(clocks.c.obj)
                0x0000000010004948                clock_configure
 .text.clocks_init
                0x0000000010004a1c       0xf4 C:\Users\Akshat\AppData\Local\Arduino15\packages\rp2040\hardware\rp2040\2.3.1/lib/libpico.a(clocks.c.obj)
                0x0000000010004a1c                clocks_init
 .text.clock_get_hz
                0x0000000010004b10        0xc C:\Users\Akshat\AppData\Local\Arduino15\packages\rp2040\hardware\rp2040\2.3.1/lib/libpico.a(clocks.c.obj)
                0x0000000010004b10                clock_get_hz
 .text.lock_init
                0x0000000010004b1c       0x10 C:\Users\Akshat\AppData\Local\Arduino15\packages\rp2040\hardware\rp2040\2.3.1/lib/libpico.a(lock_core.c.obj)
                0x0000000010004b1c                lock_init
 .text.critical_section_init_with_lock_num
                0x0000000010004b2c       0x14 C:\Users\Akshat\AppData\Local\Arduino15\packages\rp2040\hardware\rp2040\2.3.1/lib/libpico.a(critical_section.c.obj)
                0x0000000010004b2c                critical_section_init_with_lock_num
 .text.critical_section_init
                0x0000000010004b40       0x14 C:\Users\Akshat\AppData\Local\Arduino15\packages\rp2040\hardware\rp2040\2.3.1/lib/libpico.a(critical_section.c.obj)
                0x0000000010004b40                critical_section_init
 .text.pll_init
                0x0000000010004b54       0x9c C:\Users\Akshat\AppData\Local\Arduino15\packages\rp2040\hardware\rp2040\2.3.1/lib/libpico.a(pll.c.obj)
                0x0000000010004b54                pll_init
 .text.watchdog_start_tick
                0x0000000010004bf0       0x10 C:\Users\Akshat\AppData\Local\Arduino15\packages\rp2040\hardware\rp2040\2.3.1/lib/libpico.a(watchdog.c.obj)
                0x0000000010004bf0                watchdog_start_tick
 .text.xosc_init
                0x0000000010004c00       0x28 C:\Users\Akshat\AppData\Local\Arduino15\packages\rp2040\hardware\rp2040\2.3.1/lib/libpico.a(xosc.c.obj)
                0x0000000010004c00                xosc_init
 .text.flash_get_unique_id
                0x0000000010004c28       0x42 C:\Users\Akshat\AppData\Local\Arduino15\packages\rp2040\hardware\rp2040\2.3.1/lib/libpico.a(flash.c.obj)
                0x0000000010004c28                flash_get_unique_id
 *fill*         0x0000000010004c6a        0x2 
 .text.hw_endpoint_init
                0x0000000010004c6c       0xc8 C:\Users\Akshat\AppData\Local\Arduino15\packages\rp2040\hardware\rp2040\2.3.1/lib/libpico.a(dcd_rp2040.c.obj)
 .text.reset_non_control_endpoints
                0x0000000010004d34       0x3c C:\Users\Akshat\AppData\Local\Arduino15\packages\rp2040\hardware\rp2040\2.3.1/lib/libpico.a(dcd_rp2040.c.obj)
 .text.dcd_rp2040_irq
                0x0000000010004d70      0x128 C:\Users\Akshat\AppData\Local\Arduino15\packages\rp2040\hardware\rp2040\2.3.1/lib/libpico.a(dcd_rp2040.c.obj)
 .text.dcd_int_enable
                0x0000000010004e98        0xc C:\Users\Akshat\AppData\Local\Arduino15\packages\rp2040\hardware\rp2040\2.3.1/lib/libpico.a(dcd_rp2040.c.obj)
                0x0000000010004e98                dcd_int_enable
 .text.dcd_set_address
                0x0000000010004ea4       0x14 C:\Users\Akshat\AppData\Local\Arduino15\packages\rp2040\hardware\rp2040\2.3.1/lib/libpico.a(dcd_rp2040.c.obj)
                0x0000000010004ea4                dcd_set_address
 .text.dcd_connect
                0x0000000010004eb8       0x10 C:\Users\Akshat\AppData\Local\Arduino15\packages\rp2040\hardware\rp2040\2.3.1/lib/libpico.a(dcd_rp2040.c.obj)
                0x0000000010004eb8                dcd_connect
 .text.dcd_init
                0x0000000010004ec8       0x64 C:\Users\Akshat\AppData\Local\Arduino15\packages\rp2040\hardware\rp2040\2.3.1/lib/libpico.a(dcd_rp2040.c.obj)
                0x0000000010004ec8                dcd_init
 .text.dcd_edpt0_status_complete
                0x0000000010004f2c       0x18 C:\Users\Akshat\AppData\Local\Arduino15\packages\rp2040\hardware\rp2040\2.3.1/lib/libpico.a(dcd_rp2040.c.obj)
                0x0000000010004f2c                dcd_edpt0_status_complete
 .text.dcd_edpt_open
                0x0000000010004f44       0x20 C:\Users\Akshat\AppData\Local\Arduino15\packages\rp2040\hardware\rp2040\2.3.1/lib/libpico.a(dcd_rp2040.c.obj)
                0x0000000010004f44                dcd_edpt_open
 .text.dcd_edpt_close_all
                0x0000000010004f64        0x8 C:\Users\Akshat\AppData\Local\Arduino15\packages\rp2040\hardware\rp2040\2.3.1/lib/libpico.a(dcd_rp2040.c.obj)
                0x0000000010004f64                dcd_edpt_close_all
 .text.dcd_edpt_xfer
                0x0000000010004f6c       0x24 C:\Users\Akshat\AppData\Local\Arduino15\packages\rp2040\hardware\rp2040\2.3.1/lib/libpico.a(dcd_rp2040.c.obj)
                0x0000000010004f6c                dcd_edpt_xfer
 .text.dcd_edpt_stall
                0x0000000010004f90       0x34 C:\Users\Akshat\AppData\Local\Arduino15\packages\rp2040\hardware\rp2040\2.3.1/lib/libpico.a(dcd_rp2040.c.obj)
                0x0000000010004f90                dcd_edpt_stall
 .text.dcd_edpt_clear_stall
                0x0000000010004fc4       0x2c C:\Users\Akshat\AppData\Local\Arduino15\packages\rp2040\hardware\rp2040\2.3.1/lib/libpico.a(dcd_rp2040.c.obj)
                0x0000000010004fc4                dcd_edpt_clear_stall
 .text.prepare_ep_buffer
                0x0000000010004ff0       0x66 C:\Users\Akshat\AppData\Local\Arduino15\packages\rp2040\hardware\rp2040\2.3.1/lib/libpico.a(rp2040_usb.c.obj)
 .text.sync_ep_buffer
                0x0000000010005056       0x48 C:\Users\Akshat\AppData\Local\Arduino15\packages\rp2040\hardware\rp2040\2.3.1/lib/libpico.a(rp2040_usb.c.obj)
 *fill*         0x000000001000509e        0x2 
 .text.rp2040_usb_init
                0x00000000100050a0       0x4c C:\Users\Akshat\AppData\Local\Arduino15\packages\rp2040\hardware\rp2040\2.3.1/lib/libpico.a(rp2040_usb.c.obj)
                0x00000000100050a0                rp2040_usb_init
 .text.hw_endpoint_reset_transfer
                0x00000000100050ec        0xc C:\Users\Akshat\AppData\Local\Arduino15\packages\rp2040\hardware\rp2040\2.3.1/lib/libpico.a(rp2040_usb.c.obj)
                0x00000000100050ec                hw_endpoint_reset_transfer
 .text._hw_endpoint_buffer_control_update32
                0x00000000100050f8       0x58 C:\Users\Akshat\AppData\Local\Arduino15\packages\rp2040\hardware\rp2040\2.3.1/lib/libpico.a(rp2040_usb.c.obj)
                0x00000000100050f8                _hw_endpoint_buffer_control_update32
 .text._hw_endpoint_start_next_buffer
                0x0000000010005150       0x6c C:\Users\Akshat\AppData\Local\Arduino15\packages\rp2040\hardware\rp2040\2.3.1/lib/libpico.a(rp2040_usb.c.obj)
 .text.hw_endpoint_xfer_start
                0x00000000100051bc       0x14 C:\Users\Akshat\AppData\Local\Arduino15\packages\rp2040\hardware\rp2040\2.3.1/lib/libpico.a(rp2040_usb.c.obj)
                0x00000000100051bc                hw_endpoint_xfer_start
 .text.hw_endpoint_xfer_continue
                0x00000000100051d0       0x54 C:\Users\Akshat\AppData\Local\Arduino15\packages\rp2040\hardware\rp2040\2.3.1/lib/libpico.a(rp2040_usb.c.obj)
                0x00000000100051d0                hw_endpoint_xfer_continue
 .text.unlikely._ZSt17__throw_bad_allocv
                0x0000000010005224        0x6 c:/users/akshat/appdata/local/arduino15/packages/rp2040/tools/pqt-gcc/1.4.0-c-0196c06/bin/../lib/gcc/arm-none-eabi/10.3.0/../../../../arm-none-eabi/lib/thumb\libstdc++.a(functexcept.o)
                0x0000000010005224                _ZSt17__throw_bad_allocv
 .text.unlikely._ZSt20__throw_length_errorPKc
                0x000000001000522a        0x6 c:/users/akshat/appdata/local/arduino15/packages/rp2040/tools/pqt-gcc/1.4.0-c-0196c06/bin/../lib/gcc/arm-none-eabi/10.3.0/../../../../arm-none-eabi/lib/thumb\libstdc++.a(functexcept.o)
                0x000000001000522a                _ZSt20__throw_length_errorPKc
 .text          0x0000000010005230        0xe c:/users/akshat/appdata/local/arduino15/packages/rp2040/tools/pqt-gcc/1.4.0-c-0196c06/bin/../lib/gcc/arm-none-eabi/10.3.0/../../../../arm-none-eabi/lib/thumb\libc.a(lib_a-abort.o)
                0x0000000010005230                abort
 .text          0x000000001000523e       0x14 c:/users/akshat/appdata/local/arduino15/packages/rp2040/tools/pqt-gcc/1.4.0-c-0196c06/bin/../lib/gcc/arm-none-eabi/10.3.0/../../../../arm-none-eabi/lib/thumb\libc.a(lib_a-calloc.o)
                0x000000001000523e                calloc
 .text          0x0000000010005252       0x9c c:/users/akshat/appdata/local/arduino15/packages/rp2040/tools/pqt-gcc/1.4.0-c-0196c06/bin/../lib/gcc/arm-none-eabi/10.3.0/../../../../arm-none-eabi/lib/thumb\libc.a(lib_a-callocr.o)
                0x0000000010005252                _calloc_r
 .text          0x00000000100052ee        0x8 c:/users/akshat/appdata/local/arduino15/packages/rp2040/tools/pqt-gcc/1.4.0-c-0196c06/bin/../lib/gcc/arm-none-eabi/10.3.0/../../../../arm-none-eabi/lib/thumb\libc.a(lib_a-errno.o)
                0x00000000100052ee                __errno
 *fill*         0x00000000100052f6        0x2 
 .text          0x00000000100052f8      0x238 c:/users/akshat/appdata/local/arduino15/packages/rp2040/tools/pqt-gcc/1.4.0-c-0196c06/bin/../lib/gcc/arm-none-eabi/10.3.0/../../../../arm-none-eabi/lib/thumb\libc.a(lib_a-findfp.o)
                0x0000000010005340                _cleanup_r
                0x0000000010005380                __sfmoreglue
                0x00000000100053ac                _cleanup
                0x00000000100053bc                __sfp_lock_acquire
                0x00000000100053cc                __sfp_lock_release
                0x00000000100053dc                __sinit_lock_acquire
                0x00000000100053ec                __sinit_lock_release
                0x00000000100053fc                __sinit
                0x0000000010005470                __sfp
                0x0000000010005500                __fp_lock_all
                0x0000000010005518                __fp_unlock_all
 .text          0x0000000010005530       0x76 c:/users/akshat/appdata/local/arduino15/packages/rp2040/tools/pqt-gcc/1.4.0-c-0196c06/bin/../lib/gcc/arm-none-eabi/10.3.0/../../../../arm-none-eabi/lib/thumb\libc.a(lib_a-fwalk.o)
                0x0000000010005530                _fwalk
                0x0000000010005566                _fwalk_reent
 .text          0x00000000100055a6       0x20 c:/users/akshat/appdata/local/arduino15/packages/rp2040/tools/pqt-gcc/1.4.0-c-0196c06/bin/../lib/gcc/arm-none-eabi/10.3.0/../../../../arm-none-eabi/lib/thumb\libc.a(lib_a-malloc.o)
                0x00000000100055a6                malloc
                0x00000000100055b6                free
 *fill*         0x00000000100055c6        0x2 
 .text          0x00000000100055c8      0x420 c:/users/akshat/appdata/local/arduino15/packages/rp2040/tools/pqt-gcc/1.4.0-c-0196c06/bin/../lib/gcc/arm-none-eabi/10.3.0/../../../../arm-none-eabi/lib/thumb\libc.a(lib_a-mallocr.o)
                0x00000000100055c8                _malloc_r
 .text          0x00000000100059e8       0x20 c:/users/akshat/appdata/local/arduino15/packages/rp2040/tools/pqt-gcc/1.4.0-c-0196c06/bin/../lib/gcc/arm-none-eabi/10.3.0/../../../../arm-none-eabi/lib/thumb\libc.a(lib_a-mlock.o)
                0x00000000100059e8                __malloc_lock
                0x00000000100059f8                __malloc_unlock
 .text          0x0000000010005a08      0x5f0 c:/users/akshat/appdata/local/arduino15/packages/rp2040/tools/pqt-gcc/1.4.0-c-0196c06/bin/../lib/gcc/arm-none-eabi/10.3.0/../../../../arm-none-eabi/lib/thumb\libc.a(lib_a-nano-vfprintf_float.o)
                0x0000000010005a08                __cvt
                0x0000000010005ace                __exponent
                0x0000000010005b5c                _printf_float
 .text          0x0000000010005ff8      0x410 c:/users/akshat/appdata/local/arduino15/packages/rp2040/tools/pqt-gcc/1.4.0-c-0196c06/bin/../lib/gcc/arm-none-eabi/10.3.0/../../../../arm-none-eabi/lib/thumb\libc.a(lib_a-nano-vfprintf_i.o)
                0x0000000010005ff8                _printf_common
                0x00000000100060d6                _printf_i
 .text          0x0000000010006408      0x410 c:/users/akshat/appdata/local/arduino15/packages/rp2040/tools/pqt-gcc/1.4.0-c-0196c06/bin/../lib/gcc/arm-none-eabi/10.3.0/../../../../arm-none-eabi/lib/thumb\libc.a(lib_a-nano-vfscanf_float.o)
                0x0000000010006408                _scanf_float
 .text          0x0000000010006818       0x54 c:/users/akshat/appdata/local/arduino15/packages/rp2040/tools/pqt-gcc/1.4.0-c-0196c06/bin/../lib/gcc/arm-none-eabi/10.3.0/../../../../arm-none-eabi/lib/thumb\libc.a(lib_a-printf.o)
                0x0000000010006818                _printf_r
                0x0000000010006818                _iprintf_r
                0x0000000010006840                iprintf
                0x0000000010006840                printf
 .text          0x000000001000686c       0xe0 c:/users/akshat/appdata/local/arduino15/packages/rp2040/tools/pqt-gcc/1.4.0-c-0196c06/bin/../lib/gcc/arm-none-eabi/10.3.0/../../../../arm-none-eabi/lib/thumb\libc.a(lib_a-puts.o)
                0x000000001000686c                _puts_r
                0x000000001000693c                puts
 .text          0x000000001000694c       0x24 c:/users/akshat/appdata/local/arduino15/packages/rp2040/tools/pqt-gcc/1.4.0-c-0196c06/bin/../lib/gcc/arm-none-eabi/10.3.0/../../../../arm-none-eabi/lib/thumb\libc.a(lib_a-sbrkr.o)
                0x000000001000694c                _sbrk_r
 .text          0x0000000010006970        0x8 c:/users/akshat/appdata/local/arduino15/packages/rp2040/tools/pqt-gcc/1.4.0-c-0196c06/bin/../lib/gcc/arm-none-eabi/10.3.0/../../../../arm-none-eabi/lib/thumb\libc.a(lib_a-sf_nan.o)
                0x0000000010006970                nanf
 .text          0x0000000010006978      0x136 c:/users/akshat/appdata/local/arduino15/packages/rp2040/tools/pqt-gcc/1.4.0-c-0196c06/bin/../lib/gcc/arm-none-eabi/10.3.0/../../../../arm-none-eabi/lib/thumb\libc.a(lib_a-signal.o)
                0x0000000010006978                _init_signal_r
                0x00000000100069a2                _signal_r
                0x00000000100069d4                _raise_r
                0x0000000010006a28                __sigtramp_r
                0x0000000010006a6e                raise
                0x0000000010006a7e                signal
                0x0000000010006a92                _init_signal
                0x0000000010006a9e                __sigtramp
 *fill*         0x0000000010006aae        0x2 
 .text          0x0000000010006ab0       0x2c c:/users/akshat/appdata/local/arduino15/packages/rp2040/tools/pqt-gcc/1.4.0-c-0196c06/bin/../lib/gcc/arm-none-eabi/10.3.0/../../../../arm-none-eabi/lib/thumb\libc.a(lib_a-signalr.o)
                0x0000000010006ab0                _kill_r
                0x0000000010006ad4                _getpid_r
 .text          0x0000000010006adc       0x78 c:/users/akshat/appdata/local/arduino15/packages/rp2040/tools/pqt-gcc/1.4.0-c-0196c06/bin/../lib/gcc/arm-none-eabi/10.3.0/../../../../arm-none-eabi/lib/thumb\libc.a(lib_a-sprintf.o)
                0x0000000010006adc                _sprintf_r
                0x0000000010006adc                _siprintf_r
                0x0000000010006b14                siprintf
                0x0000000010006b14                sprintf
 .text          0x0000000010006b54       0x9c c:/users/akshat/appdata/local/arduino15/packages/rp2040/tools/pqt-gcc/1.4.0-c-0196c06/bin/../lib/gcc/arm-none-eabi/10.3.0/../../../../arm-none-eabi/lib/thumb\libc.a(lib_a-stdio.o)
                0x0000000010006b54                __sread
                0x0000000010006b7c                __seofread
                0x0000000010006b80                __swrite
                0x0000000010006bb8                __sseek
                0x0000000010006be4                __sclose
 .text          0x0000000010006bf0        0xe c:/users/akshat/appdata/local/arduino15/packages/rp2040/tools/pqt-gcc/1.4.0-c-0196c06/bin/../lib/gcc/arm-none-eabi/10.3.0/../../../../arm-none-eabi/lib/thumb\libc.a(lib_a-strlen.o)
                0x0000000010006bf0                strlen
 *fill*         0x0000000010006bfe        0x2 
 .text          0x0000000010006c00      0xdfc c:/users/akshat/appdata/local/arduino15/packages/rp2040/tools/pqt-gcc/1.4.0-c-0196c06/bin/../lib/gcc/arm-none-eabi/10.3.0/../../../../arm-none-eabi/lib/thumb\libc.a(lib_a-strtod.o)
                0x0000000010006c30                _strtod_l
                0x0000000010007860                _strtod_r
                0x0000000010007870                strtod_l
                0x0000000010007888                strtod
                0x00000000100078a4                strtof_l
                0x0000000010007950                strtof
 .text          0x00000000100079fc      0x154 c:/users/akshat/appdata/local/arduino15/packages/rp2040/tools/pqt-gcc/1.4.0-c-0196c06/bin/../lib/gcc/arm-none-eabi/10.3.0/../../../../arm-none-eabi/lib/thumb\libc.a(lib_a-strtol.o)
                0x0000000010007b18                _strtol_r
                0x0000000010007b20                strtol_l
                0x0000000010007b38                strtol
 .text          0x0000000010007b50       0x4a c:/users/akshat/appdata/local/arduino15/packages/rp2040/tools/pqt-gcc/1.4.0-c-0196c06/bin/../lib/gcc/arm-none-eabi/10.3.0/../../../../arm-none-eabi/lib/thumb\libc.a(lib_a-vprintf.o)
                0x0000000010007b50                vprintf
                0x0000000010007b50                viprintf
                0x0000000010007b76                _vprintf_r
                0x0000000010007b76                _viprintf_r
 *fill*         0x0000000010007b9a        0x2 
 .text          0x0000000010007b9c       0x28 c:/users/akshat/appdata/local/arduino15/packages/rp2040/tools/pqt-gcc/1.4.0-c-0196c06/bin/../lib/gcc/arm-none-eabi/10.3.0/../../../../arm-none-eabi/lib/thumb\libc.a(lib_a-writer.o)
                0x0000000010007b9c                _write_r
 .text          0x0000000010007bc4       0x24 c:/users/akshat/appdata/local/arduino15/packages/rp2040/tools/pqt-gcc/1.4.0-c-0196c06/bin/../lib/gcc/arm-none-eabi/10.3.0/../../../../arm-none-eabi/lib/thumb\libc.a(lib_a-closer.o)
                0x0000000010007bc4                _close_r
 .text          0x0000000010007be8      0xd4c c:/users/akshat/appdata/local/arduino15/packages/rp2040/tools/pqt-gcc/1.4.0-c-0196c06/bin/../lib/gcc/arm-none-eabi/10.3.0/../../../../arm-none-eabi/lib/thumb\libc.a(lib_a-dtoa.o)
                0x0000000010007cfe                _dtoa_r
 .text          0x0000000010008934      0x100 c:/users/akshat/appdata/local/arduino15/packages/rp2040/tools/pqt-gcc/1.4.0-c-0196c06/bin/../lib/gcc/arm-none-eabi/10.3.0/../../../../arm-none-eabi/lib/thumb\libc.a(lib_a-fclose.o)
                0x0000000010008934                _fclose_r
                0x0000000010008a24                fclose
 .text          0x0000000010008a34      0x1dc c:/users/akshat/appdata/local/arduino15/packages/rp2040/tools/pqt-gcc/1.4.0-c-0196c06/bin/../lib/gcc/arm-none-eabi/10.3.0/../../../../arm-none-eabi/lib/thumb\libc.a(lib_a-fflush.o)
                0x0000000010008a34                __sflush_r
                0x0000000010008b64                _fflush_r
                0x0000000010008be8                fflush
 .text          0x0000000010008c10      0x200 c:/users/akshat/appdata/local/arduino15/packages/rp2040/tools/pqt-gcc/1.4.0-c-0196c06/bin/../lib/gcc/arm-none-eabi/10.3.0/../../../../arm-none-eabi/lib/thumb\libc.a(lib_a-freer.o)
                0x0000000010008c10                _malloc_trim_r
                0x0000000010008cac                _free_r
 .text          0x0000000010008e10      0x2d0 c:/users/akshat/appdata/local/arduino15/packages/rp2040/tools/pqt-gcc/1.4.0-c-0196c06/bin/../lib/gcc/arm-none-eabi/10.3.0/../../../../arm-none-eabi/lib/thumb\libc.a(lib_a-fvwrite.o)
                0x0000000010008e10                __sfvwrite_r
 .text          0x00000000100090e0      0x54c c:/users/akshat/appdata/local/arduino15/packages/rp2040/tools/pqt-gcc/1.4.0-c-0196c06/bin/../lib/gcc/arm-none-eabi/10.3.0/../../../../arm-none-eabi/lib/thumb\libc.a(lib_a-gdtoa-gethex.o)
                0x0000000010009188                __hexdig_fun
                0x00000000100091b2                __gethex
 .text          0x000000001000962c      0x19c c:/users/akshat/appdata/local/arduino15/packages/rp2040/tools/pqt-gcc/1.4.0-c-0196c06/bin/../lib/gcc/arm-none-eabi/10.3.0/../../../../arm-none-eabi/lib/thumb\libc.a(lib_a-gdtoa-hexnan.o)
                0x0000000010009650                __match
                0x0000000010009678                __hexnan
 .text          0x00000000100097c8       0x64 c:/users/akshat/appdata/local/arduino15/packages/rp2040/tools/pqt-gcc/1.4.0-c-0196c06/bin/../lib/gcc/arm-none-eabi/10.3.0/../../../../arm-none-eabi/lib/thumb\libc.a(lib_a-locale.o)
                0x00000000100097c8                _setlocale_r
                0x0000000010009808                __locale_mb_cur_max
                0x0000000010009818                setlocale
 .text          0x000000001000982c       0x14 c:/users/akshat/appdata/local/arduino15/packages/rp2040/tools/pqt-gcc/1.4.0-c-0196c06/bin/../lib/gcc/arm-none-eabi/10.3.0/../../../../arm-none-eabi/lib/thumb\libc.a(lib_a-localeconv.o)
                0x000000001000982c                __localeconv_l
                0x0000000010009830                _localeconv_r
                0x0000000010009838                localeconv
 .text          0x0000000010009840       0x28 c:/users/akshat/appdata/local/arduino15/packages/rp2040/tools/pqt-gcc/1.4.0-c-0196c06/bin/../lib/gcc/arm-none-eabi/10.3.0/../../../../arm-none-eabi/lib/thumb\libc.a(lib_a-lseekr.o)
                0x0000000010009840                _lseek_r
 .text          0x0000000010009868       0x38 c:/users/akshat/appdata/local/arduino15/packages/rp2040/tools/pqt-gcc/1.4.0-c-0196c06/bin/../lib/gcc/arm-none-eabi/10.3.0/../../../../arm-none-eabi/lib/thumb\libc.a(lib_a-mbtowc_r.o)
                0x0000000010009868                _mbtowc_r
                0x000000001000987c                __ascii_mbtowc
 .text          0x00000000100098a0      0x9c4 c:/users/akshat/appdata/local/arduino15/packages/rp2040/tools/pqt-gcc/1.4.0-c-0196c06/bin/../lib/gcc/arm-none-eabi/10.3.0/../../../../arm-none-eabi/lib/thumb\libc.a(lib_a-mprec.o)
                0x00000000100098a0                _Balloc
                0x0000000010009928                _Bfree
                0x0000000010009970                __multadd
                0x00000000100099f8                __s2b
                0x0000000010009a90                __hi0bits
                0x0000000010009ac4                __lo0bits
                0x0000000010009b20                __i2b
                0x0000000010009b4c                __multiply
                0x0000000010009cac                __pow5mult
                0x0000000010009d64                __lshift
                0x0000000010009e40                __mcmp
                0x0000000010009e76                __mdiff
                0x0000000010009fa4                __ulp
                0x0000000010009fec                __b2d
                0x000000001000a08c                __d2b
                0x000000001000a154                __ratio
                0x000000001000a1a6                _mprec_log10
                0x000000001000a1dc                __copybits
                0x000000001000a21e                __any_on
 .text          0x000000001000a264      0x404 c:/users/akshat/appdata/local/arduino15/packages/rp2040/tools/pqt-gcc/1.4.0-c-0196c06/bin/../lib/gcc/arm-none-eabi/10.3.0/../../../../arm-none-eabi/lib/thumb\libc.a(lib_a-nano-svfprintf.o)
                0x000000001000a264                __ssputs_r
                0x000000001000a328                __ssprint_r
                0x000000001000a428                _svfiprintf_r
                0x000000001000a428                _svfprintf_r
 .text          0x000000001000a668      0x3a4 c:/users/akshat/appdata/local/arduino15/packages/rp2040/tools/pqt-gcc/1.4.0-c-0196c06/bin/../lib/gcc/arm-none-eabi/10.3.0/../../../../arm-none-eabi/lib/thumb\libc.a(lib_a-nano-vfprintf.o)
                0x000000001000a692                __sfputs_r
                0x000000001000a6dc                __sprint_r
                0x000000001000a744                _vfiprintf_r
                0x000000001000a744                _vfprintf_r
                0x000000001000a9f4                vfprintf
                0x000000001000a9f4                vfiprintf
 .text          0x000000001000aa0c       0x28 c:/users/akshat/appdata/local/arduino15/packages/rp2040/tools/pqt-gcc/1.4.0-c-0196c06/bin/../lib/gcc/arm-none-eabi/10.3.0/../../../../arm-none-eabi/lib/thumb\libc.a(lib_a-readr.o)
                0x000000001000aa0c                _read_r
 .text          0x000000001000aa34      0x344 c:/users/akshat/appdata/local/arduino15/packages/rp2040/tools/pqt-gcc/1.4.0-c-0196c06/bin/../lib/gcc/arm-none-eabi/10.3.0/../../../../arm-none-eabi/lib/thumb\libc.a(lib_a-reallocr.o)
                0x000000001000aa34                _realloc_r
 .text          0x000000001000ad78        0xc c:/users/akshat/appdata/local/arduino15/packages/rp2040/tools/pqt-gcc/1.4.0-c-0196c06/bin/../lib/gcc/arm-none-eabi/10.3.0/../../../../arm-none-eabi/lib/thumb\libc.a(lib_a-s_nan.o)
                0x000000001000ad78                nan
 .text          0x000000001000ad84       0x14 c:/users/akshat/appdata/local/arduino15/packages/rp2040/tools/pqt-gcc/1.4.0-c-0196c06/bin/../lib/gcc/arm-none-eabi/10.3.0/../../../../arm-none-eabi/lib/thumb\libc.a(lib_a-strcmp.o)
                0x000000001000ad84                strcmp
 .text          0x000000001000ad98       0x24 c:/users/akshat/appdata/local/arduino15/packages/rp2040/tools/pqt-gcc/1.4.0-c-0196c06/bin/../lib/gcc/arm-none-eabi/10.3.0/../../../../arm-none-eabi/lib/thumb\libc.a(lib_a-strncmp.o)
                0x000000001000ad98                strncmp
 .text          0x000000001000adbc       0xe0 c:/users/akshat/appdata/local/arduino15/packages/rp2040/tools/pqt-gcc/1.4.0-c-0196c06/bin/../lib/gcc/arm-none-eabi/10.3.0/../../../../arm-none-eabi/lib/thumb\libc.a(lib_a-wbuf.o)
                0x000000001000adbc                __swbuf_r
                0x000000001000ae88                __swbuf
 .text          0x000000001000ae9c       0x2c c:/users/akshat/appdata/local/arduino15/packages/rp2040/tools/pqt-gcc/1.4.0-c-0196c06/bin/../lib/gcc/arm-none-eabi/10.3.0/../../../../arm-none-eabi/lib/thumb\libc.a(lib_a-wctomb_r.o)
                0x000000001000ae9c                _wctomb_r
                0x000000001000aeac                __ascii_wctomb
 .text          0x000000001000aec8       0xec c:/users/akshat/appdata/local/arduino15/packages/rp2040/tools/pqt-gcc/1.4.0-c-0196c06/bin/../lib/gcc/arm-none-eabi/10.3.0/../../../../arm-none-eabi/lib/thumb\libc.a(lib_a-wsetup.o)
                0x000000001000aec8                __swsetup_r
 .text          0x000000001000afb4      0x120 c:/users/akshat/appdata/local/arduino15/packages/rp2040/tools/pqt-gcc/1.4.0-c-0196c06/bin/../lib/gcc/arm-none-eabi/10.3.0/../../../../arm-none-eabi/lib/thumb\libc.a(lib_a-fputwc.o)
                0x000000001000afb4                __fputwc
                0x000000001000b030                _fputwc_r
                0x000000001000b086                fputwc